Component: ARM Compiler 5.06 update 5 (build 528) Tool: armlink [4d35e2]

==============================================================================

Section Cross References

    ds2438.o(i.DS2438_DisableCA) refers to ds2438.o(i.DS2438_ReadPage) for DS2438_ReadPage
    ds2438.o(i.DS2438_DisableCA) refers to ds2438.o(i.DS2438_WritePage) for DS2438_WritePage
    ds2438.o(i.DS2438_DisableIAD) refers to ds2438.o(i.DS2438_ReadPage) for DS2438_ReadPage
    ds2438.o(i.DS2438_DisableIAD) refers to ds2438.o(i.DS2438_WritePage) for DS2438_WritePage
    ds2438.o(i.DS2438_EnableCA) refers to ds2438.o(i.DS2438_ReadPage) for DS2438_ReadPage
    ds2438.o(i.DS2438_EnableCA) refers to ds2438.o(i.DS2438_WritePage) for DS2438_WritePage
    ds2438.o(i.DS2438_EnableIAD) refers to ds2438.o(i.DS2438_ReadPage) for DS2438_ReadPage
    ds2438.o(i.DS2438_EnableIAD) refers to ds2438.o(i.DS2438_WritePage) for DS2438_WritePage
    ds2438.o(i.DS2438_GetCapacity_mAh) refers to ds2438.o(i.DS2438_GetICA) for DS2438_GetICA
    ds2438.o(i.DS2438_GetCapacity_mAh) refers to dflt_clz.o(x$fpl$dfltu) for __aeabi_ui2d
    ds2438.o(i.DS2438_GetCapacity_mAh) refers to ddiv.o(x$fpl$ddiv) for __aeabi_ddiv
    ds2438.o(i.DS2438_GetCapacity_mAh) refers to d2f.o(x$fpl$d2f) for __aeabi_d2f
    ds2438.o(i.DS2438_GetCurrentData) refers to ds2438.o(i.DS2438_ReadPage) for DS2438_ReadPage
    ds2438.o(i.DS2438_GetCurrentData) refers to dflt_clz.o(x$fpl$dfltu) for __aeabi_ui2d
    ds2438.o(i.DS2438_GetCurrentData) refers to ddiv.o(x$fpl$ddiv) for __aeabi_ddiv
    ds2438.o(i.DS2438_GetCurrentData) refers to d2f.o(x$fpl$d2f) for __aeabi_d2f
    ds2438.o(i.DS2438_GetICA) refers to ds2438.o(i.DS2438_ReadPage) for DS2438_ReadPage
    ds2438.o(i.DS2438_GetTemperatureData) refers to ds2438.o(i.DS2438_ReadPage) for DS2438_ReadPage
    ds2438.o(i.DS2438_GetTemperatureData) refers to fflt_clz.o(x$fpl$ffltu) for __aeabi_ui2f
    ds2438.o(i.DS2438_GetTemperatureData) refers to dflt_clz.o(x$fpl$dflt) for __aeabi_i2d
    ds2438.o(i.DS2438_GetTemperatureData) refers to dmul.o(x$fpl$dmul) for __aeabi_dmul
    ds2438.o(i.DS2438_GetTemperatureData) refers to f2d.o(x$fpl$f2d) for __aeabi_f2d
    ds2438.o(i.DS2438_GetTemperatureData) refers to daddsub_clz.o(x$fpl$dadd) for __aeabi_dadd
    ds2438.o(i.DS2438_GetTemperatureData) refers to d2f.o(x$fpl$d2f) for __aeabi_d2f
    ds2438.o(i.DS2438_GetVoltageData) refers to ds2438.o(i.DS2438_ReadPage) for DS2438_ReadPage
    ds2438.o(i.DS2438_GetVoltageData) refers to dflt_clz.o(x$fpl$dflt) for __aeabi_i2d
    ds2438.o(i.DS2438_GetVoltageData) refers to ddiv.o(x$fpl$ddiv) for __aeabi_ddiv
    ds2438.o(i.DS2438_GetVoltageData) refers to d2f.o(x$fpl$d2f) for __aeabi_d2f
    ds2438.o(i.DS2438_HasTemperatureData) refers to ds2438.o(i.DS2438_ReadPage) for DS2438_ReadPage
    ds2438.o(i.DS2438_HasVoltageData) refers to ds2438.o(i.DS2438_ReadPage) for DS2438_ReadPage
    ds2438.o(i.DS2438_IsDevicePresent) refers to ds2438.o(i.reset_Onewire) for reset_Onewire
    ds2438.o(i.DS2438_ReadPage) refers to ds2438.o(i.DS2438_IsDevicePresent) for DS2438_IsDevicePresent
    ds2438.o(i.DS2438_ReadPage) refers to ds2438.o(i.OneWire_WriteByte) for OneWire_WriteByte
    ds2438.o(i.DS2438_ReadPage) refers to ds2438.o(i.OneWire_ReadByte) for OneWire_ReadByte
    ds2438.o(i.DS2438_ReadTemperature) refers to ds2438.o(i.DS2438_StartTemperatureConversion) for DS2438_StartTemperatureConversion
    ds2438.o(i.DS2438_ReadTemperature) refers to ds2438.o(i.DS2438_HasTemperatureData) for DS2438_HasTemperatureData
    ds2438.o(i.DS2438_ReadTemperature) refers to ds2438.o(i.DS2438_GetTemperatureData) for DS2438_GetTemperatureData
    ds2438.o(i.DS2438_ReadVoltage) refers to ds2438.o(i.DS2438_StartVoltageConversion) for DS2438_StartVoltageConversion
    ds2438.o(i.DS2438_ReadVoltage) refers to ds2438.o(i.DS2438_HasVoltageData) for DS2438_HasVoltageData
    ds2438.o(i.DS2438_ReadVoltage) refers to ds2438.o(i.DS2438_GetVoltageData) for DS2438_GetVoltageData
    ds2438.o(i.DS2438_SelectInputSource) refers to ds2438.o(i.DS2438_ReadPage) for DS2438_ReadPage
    ds2438.o(i.DS2438_SelectInputSource) refers to ds2438.o(i.DS2438_WritePage) for DS2438_WritePage
    ds2438.o(i.DS2438_StartTemperatureConversion) refers to ds2438.o(i.DS2438_IsDevicePresent) for DS2438_IsDevicePresent
    ds2438.o(i.DS2438_StartTemperatureConversion) refers to ds2438.o(i.OneWire_WriteByte) for OneWire_WriteByte
    ds2438.o(i.DS2438_StartVoltageConversion) refers to ds2438.o(i.DS2438_IsDevicePresent) for DS2438_IsDevicePresent
    ds2438.o(i.DS2438_StartVoltageConversion) refers to ds2438.o(i.OneWire_WriteByte) for OneWire_WriteByte
    ds2438.o(i.DS2438_WritePage) refers to ds2438.o(i.DS2438_IsDevicePresent) for DS2438_IsDevicePresent
    ds2438.o(i.DS2438_WritePage) refers to ds2438.o(i.OneWire_WriteByte) for OneWire_WriteByte
    ds2438.o(i.OneWire_ReadBit) refers to ds2438.o(i.wait_us) for wait_us
    ds2438.o(i.OneWire_ReadBit) refers to ds2438.o(i.wait_10us) for wait_10us
[...]
    __main.o(!!!main) refers to __rtentry.o(.ARM.Collect$$rtentry$$00000000) for __rt_entry
    d2f.o(x$fpl$d2f) refers (Special) to usenofp.o(x$fpl$usenofp) for __I$use$fp
    d2f.o(x$fpl$d2f) refers to fretinf.o(x$fpl$fretinf) for __fpl_fretinf
    d2f.o(x$fpl$d2f) refers to dnaninf.o(x$fpl$dnaninf) for __fpl_dnaninf
    daddsub_clz.o(x$fpl$dadd) refers (Special) to usenofp.o(x$fpl$usenofp) for __I$use$fp
    daddsub_clz.o(x$fpl$dadd) refers to daddsub_clz.o(x$fpl$dsub) for _dsub1
    daddsub_clz.o(x$fpl$dadd) refers to dretinf.o(x$fpl$dretinf) for __fpl_dretinf
    daddsub_clz.o(x$fpl$dadd) refers to dnaninf.o(x$fpl$dnaninf) for __fpl_dnaninf
    daddsub_clz.o(x$fpl$drsb) refers (Special) to usenofp.o(x$fpl$usenofp) for __I$use$fp
    daddsub_clz.o(x$fpl$drsb) refers to daddsub_clz.o(x$fpl$dadd) for _dadd1
    daddsub_clz.o(x$fpl$drsb) refers to daddsub_clz.o(x$fpl$dsub) for _dsub1
    daddsub_clz.o(x$fpl$dsub) refers (Special) to usenofp.o(x$fpl$usenofp) for __I$use$fp
    daddsub_clz.o(x$fpl$dsub) refers to daddsub_clz.o(x$fpl$dadd) for _dadd1
    daddsub_clz.o(x$fpl$dsub) refers to dnaninf.o(x$fpl$dnaninf) for __fpl_dnaninf
    ddiv.o(x$fpl$drdiv) refers (Special) to usenofp.o(x$fpl$usenofp) for __I$use$fp
    ddiv.o(x$fpl$drdiv) refers to ddiv.o(x$fpl$ddiv) for ddiv_entry
    ddiv.o(x$fpl$ddiv) refers (Special) to usenofp.o(x$fpl$usenofp) for __I$use$fp
    ddiv.o(x$fpl$ddiv) refers to dretinf.o(x$fpl$dretinf) for __fpl_dretinf
    ddiv.o(x$fpl$ddiv) refers to dnaninf.o(x$fpl$dnaninf) for __fpl_dnaninf
    dflt_clz.o(x$fpl$dfltu) refers (Special) to usenofp.o(x$fpl$usenofp) for __I$use$fp
    dflt_clz.o(x$fpl$dflt) refers (Special) to usenofp.o(x$fpl$usenofp) for __I$use$fp
    dflt_clz.o(x$fpl$dfltn) refers (Special) to usenofp.o(x$fpl$usenofp) for __I$use$fp
    dmul.o(x$fpl$dmul) refers (Special) to usenofp.o(x$fpl$usenofp) for __I$use$fp
    dmul.o(x$fpl$dmul) refers to dretinf.o(x$fpl$dretinf) for __fpl_dretinf
    dmul.o(x$fpl$dmul) refers to dnaninf.o(x$fpl$dnaninf) for __fpl_dnaninf
    f2d.o(x$fpl$f2d) refers (Special) to usenofp.o(x$fpl$usenofp) for __I$use$fp
    f2d.o(x$fpl$f2d) refers to fnaninf.o(x$fpl$fnaninf) for __fpl_fnaninf
    f2d.o(x$fpl$f2d) refers to dretinf.o(x$fpl$dretinf) for __fpl_dretinf
    fflt_clz.o(x$fpl$ffltu) refers (Special) to usenofp.o(x$fpl$usenofp) for __I$use$fp
    fflt_clz.o(x$fpl$fflt) refers (Special) to usenofp.o(x$fpl$usenofp) for __I$use$fp
    fflt_clz.o(x$fpl$ffltn) refers (Special) to usenofp.o(x$fpl$usenofp) for __I$use$fp
    fmul.o(x$fpl$fmul) refers (Special) to usenofp.o(x$fpl$usenofp) for __I$use$fp
    fmul.o(x$fpl$fmul) refers to fretinf.o(x$fpl$fretinf) for __fpl_fretinf
    fmul.o(x$fpl$fmul) refers to fnaninf.o(x$fpl$fnaninf) for __fpl_fnaninf
    printf1.o(x$fpl$printf1) refers to _printf_fp_dec.o(.text) for _printf_fp_dec_real
    __rtentry.o(.ARM.Collect$$rtentry$$00000000) refers (Special) to __rtentry2.o(.ARM.Collect$$rtentry$$0000000A) for __rt_entry_li
    __rtentry.o(.ARM.Collect$$rtentry$$00000000) refers (Special) to __rtentry2.o(.ARM.Collect$$rtentry$$0000000D) for __rt_entry_main
    __rtentry.o(.ARM.Collect$$rtentry$$00000000) refers (Special) to __rtentry2.o(.ARM.Collect$$rtentry$$0000000C) for __rt_entry_postli_1
    __rtentry.o(.ARM.Collect$$rtentry$$00000000) refers (Special) to __rtentry2.o(.ARM.Collect$$rtentry$$00000009) for __rt_entry_postsh_1
    __rtentry.o(.ARM.Collect$$rtentry$$00000000) refers (Special) to __rtentry2.o(.ARM.Collect$$rtentry$$00000002) for __rt_entry_presh_1
    __rtentry.o(.ARM.Collect$$rtentry$$00000000) refers (Special) to __rtentry4.o(.ARM.Collect$$rtentry$$00000004) for __rt_entry_sh
    _printf_fp_dec.o(.text) refers (Special) to usenofp.o(x$fpl$usenofp) for __I$use$fp
    _printf_fp_dec.o(.text) refers (Special) to lc_numeric_c.o(locale$$code) for _get_lc_numeric
    _printf_fp_dec.o(.text) refers to bigflt0.o(.text) for _btod_etento
    _printf_fp_dec.o(.text) refers to btod.o(CL$$btod_d2e) for _btod_d2e
    _printf_fp_dec.o(.text) refers to btod.o(CL$$btod_ediv) for _btod_ediv
    _printf_fp_dec.o(.text) refers to btod.o(CL$$btod_emul) for _btod_emul
    _printf_fp_dec.o(.text) refers to lludiv10.o(.text) for _ll_udiv10
    _printf_fp_dec.o(.text) refers to fpclassify.o(i.__ARM_fpclassify) for __ARM_fpclassify
    _printf_fp_dec.o(.text) refers to _printf_fp_infnan.o(.text) for _printf_fp_infnan
    _printf_fp_dec.o(.text) refers to rt_locale_intlibspace.o(.text) for __rt_locale
    _printf_char_common.o(.text) refers to __printf_wp.o(.text) for __printf
    dnaninf.o(x$fpl$dnaninf) refers (Special) to usenofp.o(x$fpl$usenofp) for __I$use$fp
    dretinf.o(x$fpl$dretinf) refers (Special) to usenofp.o(x$fpl$usenofp) for __I$use$fp
    fnaninf.o(x$fpl$fnaninf) refers (Special) to usenofp.o(x$fpl$usenofp) for __I$use$fp
    fretinf.o(x$fpl$fretinf) refers (Special) to usenofp.o(x$fpl$usenofp) for __I$use$fp
    __rtentry2.o(.ARM.Collect$$rtentry$$00000008) refers to boardinit2.o(.text) for _platform_post_stackheap_init
    __rtentry2.o(.ARM.Collect$$rtentry$$0000000A) refers to libinit.o(.ARM.Collect$$libinit$$00000000) for __rt_lib_init
    __rtentry2.o(.ARM.Collect$$rtentry$$0000000B) refers to boardinit3.o(.text) for _platform_post_lib_init
    __rtentry2.o(.ARM.Collect$$rtentry$$0000000D) refers to ds2438.o(i.main) for main
    __rtentry2.o(.ARM.Collect$$rtentry$$0000000D) refers to exit.o(.text) for exit
    __rtentry2.o(.ARM.exidx) refers to __rtentry2.o(.ARM.Collect$$rtentry$$00000001) for .ARM.Collect$$rtentry$$00000001
    __rtentry2.o(.ARM.exidx) refers to __rtentry2.o(.ARM.Collect$$rtentry$$00000008) for .ARM.Collect$$rtentry$$00000008
    __rtentry2.o(.ARM.exidx) refers to __rtentry2.o(.ARM.Collect$$rtentry$$0000000A) for .ARM.Collect$$rtentry$$0000000A
    __rtentry2.o(.ARM.exidx) refers to __rtentry2.o(.ARM.Collect$$rtentry$$0000000B) for .ARM.Collect$$rtentry$$0000000B
    __rtentry2.o(.ARM.exidx) refers to __rtentry2.o(.ARM.Collect$$rtentry$$0000000D) for .ARM.Collect$$rtentry$$0000000D
    __rtentry4.o(.ARM.Collect$$rtentry$$00000004) refers to sys_stackheap_outer.o(.text) for __user_setup_stackheap
    __rtentry4.o(.ARM.exidx) refers to __rtentry4.o(.ARM.Collect$$rtentry$$00000004) for .ARM.Collect$$rtentry$$00000004
    rt_locale.o(.text) refers to rt_locale.o(.bss) for __rt_locale_data
    rt_locale_intlibspace.o(.text) refers to libspace.o(.bss) for __libspace_start
    bigflt0.o(.text) refers (Special) to usenofp.o(x$fpl$usenofp) for __I$use$fp
    bigflt0.o(.text) refers to btod.o(CL$$btod_emul) for _btod_emul
    bigflt0.o(.text) refers to btod.o(CL$$btod_ediv) for _btod_ediv
    bigflt0.o(.text) refers to bigflt0.o(.constdata) for .constdata
    bigflt0.o(.constdata) refers (Special) to usenofp.o(x$fpl$usenofp) for __I$use$fp
    btod.o(CL$$btod_d2e) refers (Special) to usenofp.o(x$fpl$usenofp) for __I$use$fp
    btod.o(CL$$btod_d2e) refers to btod.o(CL$$btod_d2e_norm_op1) for _d2e_norm_op1
    btod.o(CL$$btod_d2e_norm_op1) refers (Special) to usenofp.o(x$fpl$usenofp) for __I$use$fp
    btod.o(CL$$btod_d2e_norm_op1) refers to btod.o(CL$$btod_d2e_denorm_low) for _d2e_denorm_low
    btod.o(CL$$btod_d2e_denorm_low) refers (Special) to usenofp.o(x$fpl$usenofp) for __I$use$fp
    btod.o(CL$$btod_emul) refers (Special) to usenofp.o(x$fpl$usenofp) for __I$use$fp
    btod.o(CL$$btod_emul) refers to btod.o(CL$$btod_mult_common) for __btod_mult_common
    btod.o(CL$$btod_emul) refers to btod.o(CL$$btod_e2e) for _e2e
    btod.o(CL$$btod_ediv) refers (Special) to usenofp.o(x$fpl$usenofp) for __I$use$fp
    btod.o(CL$$btod_ediv) refers to btod.o(CL$$btod_div_common) for __btod_div_common
    btod.o(CL$$btod_ediv) refers to btod.o(CL$$btod_e2e) for _e2e
    btod.o(CL$$btod_emuld) refers (Special) to usenofp.o(x$fpl$usenofp) for __I$use$fp
    btod.o(CL$$btod_emuld) refers to btod.o(CL$$btod_mult_common) for __btod_mult_common
    btod.o(CL$$btod_emuld) refers to btod.o(CL$$btod_e2d) for _e2d
    btod.o(CL$$btod_edivd) refers (Special) to usenofp.o(x$fpl$usenofp) for __I$use$fp
    btod.o(CL$$btod_edivd) refers to btod.o(CL$$btod_div_common) for __btod_div_common
    btod.o(CL$$btod_edivd) refers to btod.o(CL$$btod_e2d) for _e2d
    btod.o(CL$$btod_e2e) refers (Special) to usenofp.o(x$fpl$usenofp) for __I$use$fp
    btod.o(CL$$btod_e2d) refers (Special) to usenofp.o(x$fpl$usenofp) for __I$use$fp
    btod.o(CL$$btod_e2d) refers to btod.o(CL$$btod_e2e) for _e2e
    btod.o(CL$$btod_mult_common) refers (Special) to usenofp.o(x$fpl$usenofp) for __I$use$fp
    btod.o(CL$$btod_div_common) refers (Special) to usenofp.o(x$fpl$usenofp) for __I$use$fp
    lc_numeric_c.o(locale$$data) refers (Special) to libinit2.o(.ARM.Collect$$libinit$$00000016) for __rt_lib_init_lc_numeric_2
    lc_numeric_c.o(locale$$code) refers (Special) to libinit2.o(.ARM.Collect$$libinit$$00000016) for __rt_lib_init_lc_numeric_2
    lc_numeric_c.o(locale$$code) refers to strcmpv7m.o(.text) for strcmp
    lc_numeric_c.o(locale$$code) refers to lc_numeric_c.o(locale$$data) for __lcnum_c_name
    istatus.o(x$fpl$ieeestatus) refers (Special) to usenofp.o(x$fpl$usenofp) for __I$use$fp
    fpclassify.o(i.__ARM_fpclassify) refers (Special) to usenofp.o(x$fpl$usenofp) for __I$use$fp
    libspace.o(.text) refers to libspace.o(.bss) for __libspace_start
    sys_stackheap_outer.o(.text) refers to libspace.o(.text) for __user_perproc_libspace
    sys_stackheap_outer.o(.text) refers to startup_stm32f10x_md.o(.text) for __user_initial_stackheap
    exit.o(.text) refers to rtexit.o(.ARM.Collect$$rtexit$$00000000) for __rt_exit
    libinit.o(.ARM.Collect$$libinit$$00000000) refers (Special) to libinit2.o(.ARM.Collect$$libinit$$0000002E) for __rt_lib_init_alloca_1
    libinit.o(.ARM.Collect$$libinit$$00000000) refers (Special) to libinit2.o(.ARM.Collect$$libinit$$0000002C) for __rt_lib_init_argv_1
    libinit.o(.ARM.Collect$$libinit$$00000000) refers (Special) to libinit2.o(.ARM.Collect$$libinit$$0000001B) for __rt_lib_init_atexit_1
    libinit.o(.ARM.Collect$$libinit$$00000000) refers (Special) to libinit2.o(.ARM.Collect$$libinit$$00000021) for __rt_lib_init_clock_1
    libinit.o(.ARM.Collect$$libinit$$00000000) refers (Special) to libinit2.o(.ARM.Collect$$libinit$$00000032) for __rt_lib_init_cpp_1
    libinit.o(.ARM.Collect$$libinit$$00000000) refers (Special) to libinit2.o(.ARM.Collect$$libinit$$00000030) for __rt_lib_init_exceptions_1
    libinit.o(.ARM.Collect$$libinit$$00000000) refers (Special) to libinit2.o(.ARM.Collect$$libinit$$00000002) for __rt_lib_init_fp_1
    libinit.o(.ARM.Collect$$libinit$$00000000) refers (Special) to libinit2.o(.ARM.Collect$$libinit$$0000001F) for __rt_lib_init_fp_trap_1
    libinit.o(.ARM.Collect$$libinit$$00000000) refers (Special) to libinit2.o(.ARM.Collect$$libinit$$00000023) for __rt_lib_init_getenv_1
    libinit.o(.ARM.Collect$$libinit$$00000000) refers (Special) to libinit2.o(.ARM.Collect$$libinit$$0000000A) for __rt_lib_init_heap_1
    libinit.o(.ARM.Collect$$libinit$$00000000) refers (Special) to libinit2.o(.ARM.Collect$$libinit$$00000011) for __rt_lib_init_lc_collate_1
    libinit.o(.ARM.Collect$$libinit$$00000000) refers (Special) to libinit2.o(.ARM.Collect$$libinit$$00000013) for __rt_lib_init_lc_ctype_1
    libinit.o(.ARM.Collect$$libinit$$00000000) refers (Special) to libinit2.o(.ARM.Collect$$libinit$$00000015) for __rt_lib_init_lc_monetary_1
    libinit.o(.ARM.Collect$$libinit$$00000000) refers (Special) to libinit2.o(.ARM.Collect$$libinit$$00000017) for __rt_lib_init_lc_numeric_1
    libinit.o(.ARM.Collect$$libinit$$00000000) refers (Special) to libinit2.o(.ARM.Collect$$libinit$$00000019) for __rt_lib_init_lc_time_1
    libinit.o(.ARM.Collect$$libinit$$00000000) refers (Special) to libinit2.o(.ARM.Collect$$libinit$$00000004) for __rt_lib_init_preinit_1
    libinit.o(.ARM.Collect$$libinit$$00000000) refers (Special) to libinit2.o(.ARM.Collect$$libinit$$0000000E) for __rt_lib_init_rand_1
    libinit.o(.ARM.Collect$$libinit$$00000000) refers (Special) to libinit2.o(.ARM.Collect$$libinit$$00000033) for __rt_lib_init_return
    libinit.o(.ARM.Collect$$libinit$$00000000) refers (Special) to libinit2.o(.ARM.Collect$$libinit$$0000001D) for __rt_lib_init_signal_1
    libinit.o(.ARM.Collect$$libinit$$00000000) refers (Special) to libinit2.o(.ARM.Collect$$libinit$$00000025) for __rt_lib_init_stdio_1
    libinit.o(.ARM.Collect$$libinit$$00000000) refers (Special) to libinit2.o(.ARM.Collect$$libinit$$0000000C) for __rt_lib_init_user_alloc_1
    libinit2.o(.ARM.Collect$$libinit$$0000000F) refers (Weak) to rt_locale_intlibspace.o(.text) for __rt_locale
    libinit2.o(.ARM.Collect$$libinit$$00000010) refers to libinit2.o(.ARM.Collect$$libinit$$0000000F) for .ARM.Collect$$libinit$$0000000F
    libinit2.o(.ARM.Collect$$libinit$$00000012) refers to libinit2.o(.ARM.Collect$$libinit$$0000000F) for .ARM.Collect$$libinit$$0000000F
    libinit2.o(.ARM.Collect$$libinit$$00000014) refers to libinit2.o(.ARM.Collect$$libinit$$0000000F) for .ARM.Collect$$libinit$$0000000F
    libinit2.o(.ARM.Collect$$libinit$$00000016) refers to libinit2.o(.ARM.Collect$$libinit$$0000000F) for .ARM.Collect$$libinit$$0000000F
    libinit2.o(.ARM.Collect$$libinit$$00000016) refers (Weak) to lc_numeric_c.o(locale$$code) for _get_lc_numeric
    libinit2.o(.ARM.Collect$$libinit$$00000018) refers to libinit2.o(.ARM.Collect$$libinit$$0000000F) for .ARM.Collect$$libinit$$0000000F
    libinit2.o(.ARM.Collect$$libinit$$00000026) refers to argv_veneer.o(.emb_text) for __ARM_argv_veneer
    libinit2.o(.ARM.Collect$$libinit$$00000027) refers to argv_veneer.o(.emb_text) for __ARM_argv_veneer
    rtexit.o(.ARM.Collect$$rtexit$$00000000) refers (Special) to rtexit2.o(.ARM.Collect$$rtexit$$00000004) for __rt_exit_exit
    rtexit.o(.ARM.Collect$$rtexit$$00000000) refers (Special) to rtexit2.o(.ARM.Collect$$rtexit$$00000003) for __rt_exit_ls
    rtexit.o(.ARM.Collect$$rtexit$$00000000) refers (Special) to rtexit2.o(.ARM.Collect$$rtexit$$00000002) for __rt_exit_prels_1
    rtexit.o(.ARM.exidx) refers (Special) to rtexit2.o(.ARM.Collect$$rtexit$$00000004) for __rt_exit_exit
    rtexit.o(.ARM.exidx) refers (Special) to rtexit2.o(.ARM.Collect$$rtexit$$00000003) for __rt_exit_ls
    rtexit.o(.ARM.exidx) refers (Special) to rtexit2.o(.ARM.Collect$$rtexit$$00000002) for __rt_exit_prels_1
    rtexit.o(.ARM.exidx) refers to rtexit.o(.ARM.Collect$$rtexit$$00000000) for .ARM.Collect$$rtexit$$00000000
    argv_veneer.o(.emb_text) refers to no_argv.o(.text) for __ARM_get_argv
    rtexit2.o(.ARM.Collect$$rtexit$$00000003) refers to libshutdown.o(.ARM.Collect$$libshutdown$$00000000) for __rt_lib_shutdown
    rtexit2.o(.ARM.Collect$$rtexit$$00000004) refers to sys_exit.o(.text) for _sys_exit
    rtexit2.o(.ARM.exidx) refers to rtexit2.o(.ARM.Collect$$rtexit$$00000001) for .ARM.Collect$$rtexit$$00000001
    rtexit2.o(.ARM.exidx) refers to rtexit2.o(.ARM.Collect$$rtexit$$00000003) for .ARM.Collect$$rtexit$$00000003
    rtexit2.o(.ARM.exidx) refers to rtexit2.o(.ARM.Collect$$rtexit$$00000004) for .ARM.Collect$$rtexit$$00000004
    _get_argv_nomalloc.o(.text) refers (Special) to hrguard.o(.text) for __heap_region$guard
    _get_argv_nomalloc.o(.text) refers to defsig_rtmem_outer.o(.text) for __rt_SIGRTMEM
    _get_argv_nomalloc.o(.text) refers to sys_command.o(.text) for _sys_command_string
    sys_command.o(.text) refers (Special) to use_no_semi.o(.text) for __I$use$semihosting
    sys_command.o(.text) refers (Special) to indicate_semi.o(.text) for __semihosting_library_function
    sys_exit.o(.text) refers (Special) to use_no_semi.o(.text) for __I$use$semihosting
    sys_exit.o(.text) refers (Special) to indicate_semi.o(.text) for __semihosting_library_function
    defsig_rtmem_outer.o(.text) refers to defsig_rtmem_inner.o(.text) for __rt_SIGRTMEM_inner
    defsig_rtmem_outer.o(.text) refers to defsig_exit.o(.text) for __sig_exit
    defsig_rtmem_formal.o(.text) refers to rt_raise.o(.text) for __rt_raise
    libshutdown.o(.ARM.Collect$$libshutdown$$00000000) refers (Special) to libshutdown2.o(.ARM.Collect$$libshutdown$$00000002) for __rt_lib_shutdown_cpp_1
    libshutdown.o(.ARM.Collect$$libshutdown$$00000000) refers (Special) to libshutdown2.o(.ARM.Collect$$libshutdown$$00000007) for __rt_lib_shutdown_fp_trap_1
    libshutdown.o(.ARM.Collect$$libshutdown$$00000000) refers (Special) to libshutdown2.o(.ARM.Collect$$libshutdown$$0000000F) for __rt_lib_shutdown_heap_1
    libshutdown.o(.ARM.Collect$$libshutdown$$00000000) refers (Special) to libshutdown2.o(.ARM.Collect$$libshutdown$$00000010) for __rt_lib_shutdown_return
    libshutdown.o(.ARM.Collect$$libshutdown$$00000000) refers (Special) to libshutdown2.o(.ARM.Collect$$libshutdown$$0000000A) for __rt_lib_shutdown_signal_1
    libshutdown.o(.ARM.Collect$$libshutdown$$00000000) refers (Special) to libshutdown2.o(.ARM.Collect$$libshutdown$$00000004) for __rt_lib_shutdown_stdio_1
    libshutdown.o(.ARM.Collect$$libshutdown$$00000000) refers (Special) to libshutdown2.o(.ARM.Collect$$libshutdown$$0000000C) for __rt_lib_shutdown_user_alloc_1
    rt_raise.o(.text) refers to __raise.o(.text) for __raise
    rt_raise.o(.text) refers to sys_exit.o(.text) for _sys_exit
    defsig_exit.o(.text) refers to sys_exit.o(.text) for _sys_exit
    defsig_rtmem_inner.o(.text) refers to defsig_general.o(.text) for __default_signal_display
    __raise.o(.text) refers to defsig.o(CL$$defsig) for __default_signal_handler
    defsig_general.o(.text) refers to sys_wrch.o(.text) for _ttywrch
    sys_wrch.o(.text) refers (Special) to use_no_semi.o(.text) for __I$use$semihosting
    sys_wrch.o(.text) refers (Special) to indicate_semi.o(.text) for __semihosting_library_function
    defsig.o(CL$$defsig) refers to defsig_rtmem_inner.o(.text) for __rt_SIGRTMEM_inner
    defsig_abrt_inner.o(.text) refers to defsig_general.o(.text) for __default_signal_display
    defsig_fpe_inner.o(.text) refers to defsig_general.o(.text) for __default_signal_display
    defsig_rtred_inner.o(.text) refers to defsig_general.o(.text) for __default_signal_display
    defsig_stak_inner.o(.text) refers to defsig_general.o(.text) for __default_signal_display
    defsig_pvfn_inner.o(.text) refers to defsig_general.o(.text) for __default_signal_display
    defsig_cppl_inner.o(.text) refers to defsig_general.o(.text) for __default_signal_display
    defsig_segv_inner.o(.text) refers to defsig_general.o(.text) for __default_signal_display
    defsig_other.o(.text) refers to defsig_general.o(.text) for __default_signal_display


==============================================================================

Removing Unused input sections from the image.

    Removing ds2438.o(.rev16_text), (4 bytes).
    Removing ds2438.o(.revsh_text), (4 bytes).
    Removing ds2438.o(.rrx_text), (6 bytes).
    Removing ds2438.o(i.DS2438_DisableCA), (38 bytes).
    Removing ds2438.o(i.DS2438_DisableIAD), (38 bytes).
    Removing system_stm32f10x.o(.rev16_text), (4 bytes).
    Removing system_stm32f10x.o(.revsh_text), (4 bytes).
    Removing system_stm32f10x.o(.rrx_text), (6 bytes).
    Removing system_stm32f10x.o(i.SystemCoreClockUpdate), (164 bytes).
    Removing system_stm32f10x.o(.data), (20 bytes).

10 unused section(s) (total 288 bytes) removed from the image.

==============================================================================

Image Symbol Table

    Local Symbols

    Symbol Name                              Value     Ov Type        Size  Object(Section)

    ../clib/angel/boardlib.s                 0x00000000   Number         0  boardinit1.o ABSOLUTE
    ../clib/angel/boardlib.s                 0x00000000   Number         0  boardinit2.o ABSOLUTE
    ../clib/angel/boardlib.s                 0x00000000   Number         0  boardshut.o ABSOLUTE
    ../clib/angel/boardlib.s                 0x00000000   Number         0  boardinit3.o ABSOLUTE
    ../clib/angel/handlers.s                 0x00000000   Number         0  __scatter_zi.o ABSOLUTE
    ../clib/angel/kernel.s                   0x00000000   Number         0  __rtentry.o ABSOLUTE
    ../clib/angel/kernel.s                   0x00000000   Number         0  __rtentry2.o ABSOLUTE
    ../clib/angel/kernel.s                   0x00000000   Number         0  __rtentry4.o ABSOLUTE
    ../clib/angel/kernel.s                   0x00000000   Number         0  rtexit.o ABSOLUTE
    ../clib/angel/kernel.s                   0x00000000   Number         0  rtexit2.o ABSOLUTE
    ../clib/angel/rt.s                       0x00000000   Number         0  rt_raise.o ABSOLUTE
    ../clib/angel/rt.s                       0x00000000   Number         0  rt_locale_intlibspace.o ABSOLUTE
    ../clib/angel/rt.s                       0x00000000   Number         0  rt_locale.o ABSOLUTE
    ../clib/angel/scatter.s                  0x00000000   Number         0  __scatter.o ABSOLUTE
    ../clib/angel/startup.s                  0x00000000   Number         0  __main.o ABSOLUTE
    ../clib/angel/sys.s                      0x00000000   Number         0  sys_stackheap_outer.o ABSOLUTE
    ../clib/angel/sys.s                      0x00000000   Number         0  libspace.o ABSOLUTE
    ../clib/angel/sys.s                      0x00000000   Number         0  indicate_semi.o ABSOLUTE
    ../clib/angel/sys.s                      0x00000000   Number         0  use_no_semi.o ABSOLUTE
    ../clib/angel/sysapp.c                   0x00000000   Number         0  sys_exit.o ABSOLUTE
    ../clib/angel/sysapp.c                   0x00000000   Number         0  sys_command.o ABSOLUTE
    ../clib/angel/sysapp.c                   0x00000000   Number         0  sys_wrch.o ABSOLUTE
    ../clib/armsys.c                         0x00000000   Number         0  argv_veneer.o ABSOLUTE
    ../clib/armsys.c                         0x00000000   Number         0  argv_veneer.o ABSOLUTE
    ../clib/armsys.c                         0x00000000   Number         0  no_argv.o ABSOLUTE
    ../clib/armsys.c                         0x00000000   Number         0  _get_argv_nomalloc.o ABSOLUTE
    ../clib/bigflt.c                         0x00000000   Number         0  bigflt0.o ABSOLUTE
    ../clib/btod.s                           0x00000000   Number         0  btod.o ABSOLUTE
    ../clib/heapalloc.c                      0x00000000   Number         0  hrguard.o ABSOLUTE
    ../clib/heapaux.c                        0x00000000   Number         0  heapauxi.o ABSOLUTE
    ../clib/libinit.s                        0x00000000   Number         0  libinit2.o ABSOLUTE
    ../clib/libinit.s                        0x00000000   Number         0  libshutdown.o ABSOLUTE
    ../clib/libinit.s                        0x00000000   Number         0  libshutdown2.o ABSOLUTE
    ../clib/libinit.s                        0x00000000   Number         0  libinit.o ABSOLUTE
    ../clib/locale.s                         0x00000000   Number         0  lc_numeric_c.o ABSOLUTE
    ../clib/longlong.s                       0x00000000   Number         0  lludiv10.o ABSOLUTE
    ../clib/memcpset.s                       0x00000000   Number         0  strcmpv7m.o ABSOLUTE
    ../clib/misc.s                           0x00000000   Number         0  printf_stubs.o ABSOLUTE
    ../clib/printf.c                         0x00000000   Number         0  __printf_flags.o ABSOLUTE
    ../clib/printf.c                         0x00000000   Number         0  __printf_ss.o ABSOLUTE
    ../clib/printf.c                         0x00000000   Number         0  _printf_fp_infnan.o ABSOLUTE
    ../clib/printf.c                         0x00000000   Number         0  __printf_flags_ss.o ABSOLUTE
    ../clib/printf.c                         0x00000000   Number         0  __printf_wp.o ABSOLUTE
    ../clib/printf.c                         0x00000000   Number         0  __printf_nopercent.o ABSOLUTE
    ../clib/printf.c                         0x00000000   Number         0  __printf_ss_wp.o ABSOLUTE
    ../clib/printf.c                         0x00000000   Number         0  __printf_flags_wp.o ABSOLUTE
    ../clib/printf.c                         0x00000000   Number         0  __printf_flags_ss_wp.o ABSOLUTE
    ../clib/printf.c                         0x00000000   Number         0  _printf_intcommon.o ABSOLUTE
    ../clib/printf.c                         0x00000000   Number         0  _printf_fp_dec.o ABSOLUTE
    ../clib/printf.c                         0x00000000   Number         0  _printf_char_common.o ABSOLUTE
    ../clib/printf.c                         0x00000000   Number         0  _sputc.o ABSOLUTE
    ../clib/printf.c                         0x00000000   Number         0  __2sprintf.o ABSOLUTE
    ../clib/printf.c                         0x00000000   Number         0  noretval__2sprintf.o ABSOLUTE
    ../clib/printf.c                         0x00000000   Number         0  __printf.o ABSOLUTE
    ../clib/printf.c                         0x00000000   Number         0  _printf_dec.o ABSOLUTE
    ../clib/printf_percent.s                 0x00000000   Number         0  _printf_percent_end.o ABSOLUTE
    ../clib/printf_percent.s                 0x00000000   Number         0  _printf_percent.o ABSOLUTE
    ../clib/printf_percent.s                 0x00000000   Number         0  _printf_d.o ABSOLUTE
    ../clib/printf_percent.s                 0x00000000   Number         0  _printf_f.o ABSOLUTE
    ../clib/signal.c                         0x00000000   Number         0  defsig_stak_inner.o ABSOLUTE
    ../clib/signal.c                         0x00000000   Number         0  defsig_rtmem_formal.o ABSOLUTE
    ../clib/signal.c                         0x00000000   Number         0  defsig_exit.o ABSOLUTE
    ../clib/signal.c                         0x00000000   Number         0  defsig_segv_inner.o ABSOLUTE
    ../clib/signal.c                         0x00000000   Number         0  defsig_other.o ABSOLUTE
    ../clib/signal.c                         0x00000000   Number         0  defsig_cppl_inner.o ABSOLUTE
    ../clib/signal.c                         0x00000000   Number         0  defsig_pvfn_inner.o ABSOLUTE
    ../clib/signal.c                         0x00000000   Number         0  defsig_rtmem_inner.o ABSOLUTE
    ../clib/signal.c                         0x00000000   Number         0  defsig_rtred_inner.o ABSOLUTE
    ../clib/signal.c                         0x00000000   Number         0  defsig_fpe_inner.o ABSOLUTE
    ../clib/signal.c                         0x00000000   Number         0  defsig_abrt_inner.o ABSOLUTE
    ../clib/signal.c                         0x00000000   Number         0  defsig_general.o ABSOLUTE
    ../clib/signal.c                         0x00000000   Number         0  __raise.o ABSOLUTE
    ../clib/signal.c                         0x00000000   Number         0  defsig_rtmem_outer.o ABSOLUTE
    ../clib/signal.s                         0x00000000   Number         0  defsig.o ABSOLUTE
    ../clib/stdlib.c                         0x00000000   Number         0  exit.o ABSOLUTE
    ../fplib/d2f.s                           0x00000000   Number         0  d2f.o ABSOLUTE
    ../fplib/daddsub.s                       0x00000000   Number         0  daddsub_clz.o ABSOLUTE
    ../fplib/ddiv.s                          0x00000000   Number         0  ddiv.o ABSOLUTE
    ../fplib/dflt.s                          0x00000000   Number         0  dflt_clz.o ABSOLUTE
    ../fplib/dmul.s                          0x00000000   Number         0  dmul.o ABSOLUTE
    ../fplib/dnaninf.s                       0x00000000   Number         0  dnaninf.o ABSOLUTE
    ../fplib/dretinf.s                       0x00000000   Number         0  dretinf.o ABSOLUTE
    ../fplib/f2d.s                           0x00000000   Number         0  f2d.o ABSOLUTE
    ../fplib/fflt.s                          0x00000000   Number         0  fflt_clz.o ABSOLUTE
    ../fplib/fmul.s                          0x00000000   Number         0  fmul.o ABSOLUTE
    ../fplib/fnaninf.s                       0x00000000   Number         0  fnaninf.o ABSOLUTE
    ../fplib/fpinit.s                        0x00000000   Number         0  fpinit.o ABSOLUTE
    ../fplib/fretinf.s                       0x00000000   Number         0  fretinf.o ABSOLUTE
    ../fplib/istatus.s                       0x00000000   Number         0  istatus.o ABSOLUTE
    ../fplib/printf1.s                       0x00000000   Number         0  printf1.o ABSOLUTE
    ../fplib/usenofp.s                       0x00000000   Number         0  usenofp.o ABSOLUTE
    ../mathlib/fpclassify.c                  0x00000000   Number         0  fpclassify.o ABSOLUTE
    DS2438.c                                 0x00000000   Number         0  ds2438.o ABSOLUTE
    DS2438.c                                 0x00000000   Number         0  ds2438.o ABSOLUTE
    RTE\Device\STM32F103RB\startup_stm32f10x_md.s 0x00000000   Number         0  startup_stm32f10x_md.o ABSOLUTE
    RTE\Device\STM32F103RB\system_stm32f10x.c 0x00000000   Number         0  system_stm32f10x.o ABSOLUTE
    RTE\\Device\\STM32F103RB\\system_stm32f10x.c 0x00000000   Number         0  system_stm32f10x.o ABSOLUTE
    dc.s                                     0x00000000   Number         0  dc.o ABSOLUTE
    RESET                                    0x08000000   Section      236  startup_stm32f10x_md.o(RESET)
    !!!main                                  0x080000ec   Section        8  __main.o(!!!main)
    !!!scatter                               0x080000f4   Section       52  __scatter.o(!!!scatter)
    !!handler_zi                             0x08000128   Section       28  __scatter_zi.o(!!handler_zi)
    .ARM.Collect$$_printf_percent$$00000000  0x08000144   Section        0  _printf_percent.o(.ARM.Collect$$_printf_percent$$00000000)
    .ARM.Collect$$_printf_percent$$00000003  0x08000144   Section        6  _printf_f.o(.ARM.Collect$$_printf_percent$$00000003)
    .ARM.Collect$$_printf_percent$$00000009  0x0800014a   Section        6  _printf_d.o(.ARM.Collect$$_printf_percent$$00000009)
    .ARM.Collect$$_printf_percent$$00000017  0x08000150   Section        4  _printf_percent_end.o(.ARM.Collect$$_printf_percent$$00000017)
    .ARM.Collect$$libinit$$00000000          0x08000154   Section        2  libinit.o(.ARM.Collect$$libinit$$00000000)
    .ARM.Collect$$libinit$$00000002          0x08000156   Section        0  libinit2.o(.ARM.Collect$$libinit$$00000002)
    .ARM.Collect$$libinit$$00000004          0x08000156   Section        0  libinit2.o(.ARM.Collect$$libinit$$00000004)
    .ARM.Collect$$libinit$$0000000A          0x08000156   Section        0  libinit2.o(.ARM.Collect$$libinit$$0000000A)
    .ARM.Collect$$libinit$$0000000C          0x08000156   Section        0  libinit2.o(.ARM.Collect$$libinit$$0000000C)
    .ARM.Collect$$libinit$$0000000E          0x08000156   Section        0  libinit2.o(.ARM.Collect$$libinit$$0000000E)
    .ARM.Collect$$libinit$$0000000F          0x08000156   Section        6  libinit2.o(.ARM.Collect$$libinit$$0000000F)
    .ARM.Collect$$libinit$$00000011          0x0800015c   Section        0  libinit2.o(.ARM.Collect$$libinit$$00000011)
    .ARM.Collect$$libinit$$00000013          0x0800015c   Section        0  libinit2.o(.ARM.Collect$$libinit$$00000013)
    .ARM.Collect$$libinit$$00000015          0x0800015c   Section        0  libinit2.o(.ARM.Collect$$libinit$$00000015)
    .ARM.Collect$$libinit$$00000016          0x0800015c   Section       10  libinit2.o(.ARM.Collect$$libinit$$00000016)
    .ARM.Collect$$libinit$$00000017          0x08000166   Section        0  libinit2.o(.ARM.Collect$$libinit$$00000017)
    .ARM.Collect$$libinit$$00000019          0x08000166   Section        0  libinit2.o(.ARM.Collect$$libinit$$00000019)
    .ARM.Collect$$libinit$$0000001B          0x08000166   Section        0  libinit2.o(.ARM.Collect$$libinit$$0000001B)
    .ARM.Collect$$libinit$$0000001D          0x08000166   Section        0  libinit2.o(.ARM.Collect$$libinit$$0000001D)
    .ARM.Collect$$libinit$$0000001F          0x08000166   Section        0  libinit2.o(.ARM.Collect$$libinit$$0000001F)
    .ARM.Collect$$libinit$$00000021          0x08000166   Section        0  libinit2.o(.ARM.Collect$$libinit$$00000021)
    .ARM.Collect$$libinit$$00000023          0x08000166   Section        0  libinit2.o(.ARM.Collect$$libinit$$00000023)
    .ARM.Collect$$libinit$$00000025          0x08000166   Section        0  libinit2.o(.ARM.Collect$$libinit$$00000025)
    .ARM.Collect$$libinit$$0000002C          0x08000166   Section        0  libinit2.o(.ARM.Collect$$libinit$$0000002C)
    .ARM.Collect$$libinit$$0000002E          0x08000166   Section        0  libinit2.o(.ARM.Collect$$libinit$$0000002E)
    .ARM.Collect$$libinit$$00000030          0x08000166   Section        0  libinit2.o(.ARM.Collect$$libinit$$00000030)
    .ARM.Collect$$libinit$$00000032          0x08000166   Section        0  libinit2.o(.ARM.Collect$$libinit$$00000032)
    .ARM.Collect$$libinit$$00000033          0x08000166   Section        2  libinit2.o(.ARM.Collect$$libinit$$00000033)
    .ARM.Collect$$libshutdown$$00000000      0x08000168   Section        2  libshutdown.o(.ARM.Collect$$libshutdown$$00000000)
    .ARM.Collect$$libshutdown$$00000002      0x0800016a   Section        0  libshutdown2.o(.ARM.Collect$$libshutdown$$00000002)
    .ARM.Collect$$libshutdown$$00000004      0x0800016a   Section        0  libshutdown2.o(.ARM.Collect$$libshutdown$$00000004)
    .ARM.Collect$$libshutdown$$00000007      0x0800016a   Section        0  libshutdown2.o(.ARM.Collect$$libshutdown$$00000007)
    .ARM.Collect$$libshutdown$$0000000A      0x0800016a   Section        0  libshutdown2.o(.ARM.Collect$$libshutdown$$0000000A)
    .ARM.Collect$$libshutdown$$0000000C      0x0800016a   Section        0  libshutdown2.o(.ARM.Collect$$libshutdown$$0000000C)
    .ARM.Collect$$libshutdown$$0000000F      0x0800016a   Section        0  libshutdown2.o(.ARM.Collect$$libshutdown$$0000000F)
    .ARM.Collect$$libshutdown$$00000010      0x0800016a   Section        2  libshutdown2.o(.ARM.Collect$$libshutdown$$00000010)
    .ARM.Collect$$rtentry$$00000000          0x0800016c   Section        0  __rtentry.o(.ARM.Collect$$rtentry$$00000000)
    .ARM.Collect$$rtentry$$00000002          0x0800016c   Section        0  __rtentry2.o(.ARM.Collect$$rtentry$$00000002)
    .ARM.Collect$$rtentry$$00000004          0x0800016c   Section        6  __rtentry4.o(.ARM.Collect$$rtentry$$00000004)
    .ARM.Collect$$rtentry$$00000009          0x08000172   Section        0  __rtentry2.o(.ARM.Collect$$rtentry$$00000009)
    .ARM.Collect$$rtentry$$0000000A          0x08000172   Section        4  __rtentry2.o(.ARM.Collect$$rtentry$$0000000A)
    .ARM.Collect$$rtentry$$0000000C          0x08000176   Section        0  __rtentry2.o(.ARM.Collect$$rtentry$$0000000C)
    .ARM.Collect$$rtentry$$0000000D          0x08000176   Section        8  __rtentry2.o(.ARM.Collect$$rtentry$$0000000D)
    .ARM.Collect$$rtexit$$00000000           0x0800017e   Section        2  rtexit.o(.ARM.Collect$$rtexit$$00000000)
    .ARM.Collect$$rtexit$$00000002           0x08000180   Section        0  rtexit2.o(.ARM.Collect$$rtexit$$00000002)
    .ARM.Collect$$rtexit$$00000003           0x08000180   Section        4  rtexit2.o(.ARM.Collect$$rtexit$$00000003)
    .ARM.Collect$$rtexit$$00000004           0x08000184   Section        6  rtexit2.o(.ARM.Collect$$rtexit$$00000004)
    .text                                    0x0800018c   Section       64  startup_stm32f10x_md.o(.text)
    .text                                    0x080001cc   Section        0  noretval__2sprintf.o(.text)
    .text                                    0x080001f4   Section        0  _printf_dec.o(.text)
    .text                                    0x0800026c   Section        0  __printf_wp.o(.text)
    .text                                    0x0800037a   Section        0  heapauxi.o(.text)
    .text                                    0x08000380   Section        0  _printf_intcommon.o(.text)
    .text                                    0x08000432   Section        0  _printf_fp_dec.o(.text)
    _fp_digits                               0x08000435   Thumb Code   432  _printf_fp_dec.o(.text)
    .text                                    0x08000850   Section        0  _printf_char_common.o(.text)
    _printf_input_char                       0x08000851   Thumb Code    10  _printf_char_common.o(.text)
    .text                                    0x08000880   Section        0  _sputc.o(.text)
    .text                                    0x0800088c   Section        8  rt_locale_intlibspace.o(.text)
    .text                                    0x08000894   Section      138  lludiv10.o(.text)
    .text                                    0x08000920   Section        0  _printf_fp_infnan.o(.text)
    .text                                    0x080009a0   Section        0  bigflt0.o(.text)
    .text                                    0x08000a84   Section        8  libspace.o(.text)
    .text                                    0x08000a8c   Section       74  sys_stackheap_outer.o(.text)
    .text                                    0x08000ad6   Section        0  exit.o(.text)
    .text                                    0x08000ae8   Section      128  strcmpv7m.o(.text)
    .text                                    0x08000b68   Section        0  sys_exit.o(.text)
    .text                                    0x08000b74   Section        2  use_no_semi.o(.text)
    .text                                    0x08000b76   Section        0  indicate_semi.o(.text)
    CL$$btod_d2e                             0x08000b76   Section       62  btod.o(CL$$btod_d2e)
    CL$$btod_d2e_denorm_low                  0x08000bb4   Section       70  btod.o(CL$$btod_d2e_denorm_low)
    CL$$btod_d2e_norm_op1                    0x08000bfa   Section       96  btod.o(CL$$btod_d2e_norm_op1)
    CL$$btod_div_common                      0x08000c5a   Section      824  btod.o(CL$$btod_div_common)
    CL$$btod_e2e                             0x08000f92   Section      220  btod.o(CL$$btod_e2e)
    CL$$btod_ediv                            0x0800106e   Section       42  btod.o(CL$$btod_ediv)
    CL$$btod_emul                            0x08001098   Section       42  btod.o(CL$$btod_emul)
    CL$$btod_mult_common                     0x080010c2   Section      580  btod.o(CL$$btod_mult_common)
    i.DS2438_EnableCA                        0x08001306   Section        0  ds2438.o(i.DS2438_EnableCA)
    i.DS2438_EnableIAD                       0x0800132c   Section        0  ds2438.o(i.DS2438_EnableIAD)
    i.DS2438_GetCapacity_mAh                 0x08001354   Section        0  ds2438.o(i.DS2438_GetCapacity_mAh)
    i.DS2438_GetCurrentData                  0x08001390   Section        0  ds2438.o(i.DS2438_GetCurrentData)
    i.DS2438_GetICA                          0x080013e8   Section        0  ds2438.o(i.DS2438_GetICA)
    i.DS2438_GetTemperatureData              0x08001404   Section        0  ds2438.o(i.DS2438_GetTemperatureData)
    i.DS2438_GetVoltageData                  0x08001490   Section        0  ds2438.o(i.DS2438_GetVoltageData)
    i.DS2438_HasTemperatureData              0x080014d4   Section        0  ds2438.o(i.DS2438_HasTemperatureData)
    i.DS2438_HasVoltageData                  0x080014ee   Section        0  ds2438.o(i.DS2438_HasVoltageData)
    i.DS2438_IsDevicePresent                 0x08001508   Section        0  ds2438.o(i.DS2438_IsDevicePresent)
    i.DS2438_ReadPage                        0x08001518   Section        0  ds2438.o(i.DS2438_ReadPage)
    i.DS2438_ReadTemperature                 0x08001570   Section        0  ds2438.o(i.DS2438_ReadTemperature)
    i.DS2438_ReadVoltage                     0x08001590   Section        0  ds2438.o(i.DS2438_ReadVoltage)
    i.DS2438_SelectInputSource               0x080015b0   Section        0  ds2438.o(i.DS2438_SelectInputSource)
    i.DS2438_StartTemperatureConversion      0x080015ee   Section        0  ds2438.o(i.DS2438_StartTemperatureConversion)
    i.DS2438_StartVoltageConversion          0x0800160a   Section        0  ds2438.o(i.DS2438_StartVoltageConversion)
    i.DS2438_WritePage                       0x08001626   Section        0  ds2438.o(i.DS2438_WritePage)
    i.OneWire_ReadBit                        0x08001680   Section        0  ds2438.o(i.OneWire_ReadBit)
    i.OneWire_ReadByte                       0x080016b4   Section        0  ds2438.o(i.OneWire_ReadByte)
    i.OneWire_WriteBit                       0x080016d4   Section        0  ds2438.o(i.OneWire_WriteBit)
    i.OneWire_WriteByte                      0x08001718   Section        0  ds2438.o(i.OneWire_WriteByte)
    i.SetSysClock                            0x08001732   Section        0  system_stm32f10x.o(i.SetSysClock)
    SetSysClock                              0x08001733   Thumb Code     8  system_stm32f10x.o(i.SetSysClock)
    i.SetSysClockTo72                        0x0800173c   Section        0  system_stm32f10x.o(i.SetSysClockTo72)
    SetSysClockTo72                          0x0800173d   Thumb Code   214  system_stm32f10x.o(i.SetSysClockTo72)
    i.SystemInit                             0x0800181c   Section        0  system_stm32f10x.o(i.SystemInit)
    i.__ARM_fpclassify                       0x0800187c   Section        0  fpclassify.o(i.__ARM_fpclassify)
    i._is_digit                              0x080018a4   Section        0  __printf_wp.o(i._is_digit)
    i.init_OnewirePort                       0x080018b4   Section        0  ds2438.o(i.init_OnewirePort)
    i.main                                   0x080018d8   Section        0  ds2438.o(i.main)
    i.reset_Onewire                          0x08001ab8   Section        0  ds2438.o(i.reset_Onewire)
    i.uart1_init                             0x08001aec   Section        0  ds2438.o(i.uart1_init)
    i.uart_put_char                          0x08001b80   Section        0  ds2438.o(i.uart_put_char)
    i.uart_put_page_content                  0x08001b9c   Section        0  ds2438.o(i.uart_put_page_content)
    i.uart_put_string                        0x08001c14   Section        0  ds2438.o(i.uart_put_string)
    i.uart_put_string_newline                0x08001c2a   Section        0  ds2438.o(i.uart_put_string_newline)
    i.wait_10us                              0x08001c4c   Section        0  ds2438.o(i.wait_10us)
    i.wait_us                                0x08001c5e   Section        0  ds2438.o(i.wait_us)
    locale$$code                             0x08001c6c   Section       44  lc_numeric_c.o(locale$$code)
    x$fpl$d2f                                0x08001c98   Section       98  d2f.o(x$fpl$d2f)
    x$fpl$dadd                               0x08001cfc   Section      336  daddsub_clz.o(x$fpl$dadd)
    _dadd1                                   0x08001d0d   Thumb Code     0  daddsub_clz.o(x$fpl$dadd)
    x$fpl$ddiv                               0x08001e4c   Section      688  ddiv.o(x$fpl$ddiv)
    ddiv_entry                               0x08001e53   Thumb Code     0  ddiv.o(x$fpl$ddiv)
    x$fpl$dflt                               0x080020fc   Section       46  dflt_clz.o(x$fpl$dflt)
    x$fpl$dfltu                              0x0800212a   Section       38  dflt_clz.o(x$fpl$dfltu)
    x$fpl$dmul                               0x08002150   Section      340  dmul.o(x$fpl$dmul)
    x$fpl$dnaninf                            0x080022a4   Section      156  dnaninf.o(x$fpl$dnaninf)
    x$fpl$dretinf                            0x08002340   Section       12  dretinf.o(x$fpl$dretinf)
    x$fpl$dsub                               0x0800234c   Section      468  daddsub_clz.o(x$fpl$dsub)
    _dsub1                                   0x0800235d   Thumb Code     0  daddsub_clz.o(x$fpl$dsub)
    x$fpl$f2d                                0x08002520   Section       86  f2d.o(x$fpl$f2d)
    x$fpl$ffltu                              0x08002578   Section       38  fflt_clz.o(x$fpl$ffltu)
    x$fpl$fmul                               0x080025a0   Section      258  fmul.o(x$fpl$fmul)
    x$fpl$fnaninf                            0x080026a2   Section      140  fnaninf.o(x$fpl$fnaninf)
    x$fpl$fretinf                            0x0800272e   Section       10  fretinf.o(x$fpl$fretinf)
    x$fpl$printf1                            0x08002738   Section        4  printf1.o(x$fpl$printf1)
    .constdata                               0x0800273c   Section      148  bigflt0.o(.constdata)
    x$fpl$usenofp                            0x0800273c   Section        0  usenofp.o(x$fpl$usenofp)
    tenpwrs_x                                0x0800273c   Data          60  bigflt0.o(.constdata)
    tenpwrs_i                                0x08002778   Data          64  bigflt0.o(.constdata)
    locale$$data                             0x080027e0   Section       28  lc_numeric_c.o(locale$$data)
    __lcnum_c_name                           0x080027e4   Data           2  lc_numeric_c.o(locale$$data)
    __lcnum_c_start                          0x080027ec   Data           0  lc_numeric_c.o(locale$$data)
    __lcnum_c_point                          0x080027f8   Data           0  lc_numeric_c.o(locale$$data)
    __lcnum_c_thousands                      0x080027fa   Data           0  lc_numeric_c.o(locale$$data)
    __lcnum_c_grouping                       0x080027fb   Data           0  lc_numeric_c.o(locale$$data)
    __lcnum_c_end                            0x080027fc   Data           0  lc_numeric_c.o(locale$$data)
    .bss                                     0x20000000   Section       96  libspace.o(.bss)
    HEAP                                     0x20000060   Section      512  startup_stm32f10x_md.o(HEAP)
    Heap_Mem                                 0x20000060   Data         512  startup_stm32f10x_md.o(HEAP)
    STACK                                    0x20000260   Section     1024  startup_stm32f10x_md.o(STACK)
    Stack_Mem                                0x20000260   Data        1024  startup_stm32f10x_md.o(STACK)
    __initial_sp                             0x20000660   Data           0  startup_stm32f10x_md.o(STACK)

    Global Symbols

    Symbol Name                              Value     Ov Type        Size  Object(Section)

    BuildAttributes$$THM_ISAv4$P$D$K$B$S$PE$A:L22UL41UL21$X:L11$S22US41US21$IEEE1$IW$USESV6$~STKCKD$USESV7$~SHL$OTIME$ROPI$IEEEJ$EBA8$UX$STANDARDLIB$REQ8$PRES8$EABIv2 0x00000000   Number         0  anon$$obj.o ABSOLUTE
    __ARM_use_no_argv                        0x00000000   Number         0  ds2438.o ABSOLUTE
    _printf_flags                            0x00000000   Number         0  printf_stubs.o ABSOLUTE
    _printf_return_value                     0x00000000   Number         0  printf_stubs.o ABSOLUTE
    _printf_sizespec                         0x00000000   Number         0  printf_stubs.o ABSOLUTE
    _printf_widthprec                        0x00000000   Number         0  printf_stubs.o ABSOLUTE
    __ARM_exceptions_init                     - Undefined Weak Reference
    __alloca_initialize                       - Undefined Weak Reference
    __arm_preinit_                            - Undefined Weak Reference
    __cpp_initialize__aeabi_                  - Undefined Weak Reference
    __cxa_finalize                            - Undefined Weak Reference
    __sigvec_lookup                           - Undefined Weak Reference
    _atexit_init                              - Undefined Weak Reference
    _call_atexit_fns                          - Undefined Weak Reference
    _clock_init                               - Undefined Weak Reference
    _fp_trap_init                             - Undefined Weak Reference
    _fp_trap_shutdown                         - Undefined Weak Reference
    _get_lc_collate                           - Undefined Weak Reference
    _get_lc_ctype                             - Undefined Weak Reference
    _get_lc_monetary                          - Undefined Weak Reference
    _get_lc_time                              - Undefined Weak Reference
    _getenv_init                              - Undefined Weak Reference
    _handle_redirection                       - Undefined Weak Reference
    _init_alloc                               - Undefined Weak Reference
    _init_user_alloc                          - Undefined Weak Reference
    _initio                                   - Undefined Weak Reference
    _printf_post_padding                      - Undefined Weak Reference
    _printf_pre_padding                       - Undefined Weak Reference
    _printf_truncate_signed                   - Undefined Weak Reference
    _printf_truncate_unsigned                 - Undefined Weak Reference
    _rand_init                                - Undefined Weak Reference
    _signal_finish                            - Undefined Weak Reference
    _signal_init                              - Undefined Weak Reference
    _terminate_alloc                          - Undefined Weak Reference
    _terminate_user_alloc                     - Undefined Weak Reference
    _terminateio                              - Undefined Weak Reference
    __Vectors_Size                           0x000000ec   Number         0  startup_stm32f10x_md.o ABSOLUTE
    __Vectors                                0x08000000   Data           4  startup_stm32f10x_md.o(RESET)
    __Vectors_End                            0x080000ec   Data           0  startup_stm32f10x_md.o(RESET)
    __main                                   0x080000ed   Thumb Code     8  __main.o(!!!main)
    __scatterload                            0x080000f5   Thumb Code     0  __scatter.o(!!!scatter)
    __scatterload_rt2                        0x080000f5   Thumb Code    44  __scatter.o(!!!scatter)
    __scatterload_rt2_thumb_only             0x080000f5   Thumb Code     0  __scatter.o(!!!scatter)
    __scatterload_null                       0x08000103   Thumb Code     0  __scatter.o(!!!scatter)
    __scatterload_zeroinit                   0x08000129   Thumb Code    28  __scatter_zi.o(!!handler_zi)
    _printf_f                                0x08000145   Thumb Code     0  _printf_f.o(.ARM.Collect$$_printf_percent$$00000003)
    _printf_percent                          0x08000145   Thumb Code     0  _printf_percent.o(.ARM.Collect$$_printf_percent$$00000000)
    _printf_d                                0x0800014b   Thumb Code     0  _printf_d.o(.ARM.Collect$$_printf_percent$$00000009)
    _printf_percent_end                      0x08000151   Thumb Code     0  _printf_percent_end.o(.ARM.Collect$$_printf_percent$$00000017)
    __rt_lib_init                            0x08000155   Thumb Code     0  libinit.o(.ARM.Collect$$libinit$$00000000)
    __rt_lib_init_fp_1                       0x08000157   Thumb Code     0  libinit2.o(.ARM.Collect$$libinit$$00000002)
    __rt_lib_init_heap_1                     0x08000157   Thumb Code     0  libinit2.o(.ARM.Collect$$libinit$$0000000A)
    __rt_lib_init_lc_common                  0x08000157   Thumb Code     0  libinit2.o(.ARM.Collect$$libinit$$0000000F)
    __rt_lib_init_preinit_1                  0x08000157   Thumb Code     0  libinit2.o(.ARM.Collect$$libinit$$00000004)
    __rt_lib_init_rand_1                     0x08000157   Thumb Code     0  libinit2.o(.ARM.Collect$$libinit$$0000000E)
    __rt_lib_init_user_alloc_1               0x08000157   Thumb Code     0  libinit2.o(.ARM.Collect$$libinit$$0000000C)
    __rt_lib_init_lc_collate_1               0x0800015d   Thumb Code     0  libinit2.o(.ARM.Collect$$libinit$$00000011)
    __rt_lib_init_lc_ctype_1                 0x0800015d   Thumb Code     0  libinit2.o(.ARM.Collect$$libinit$$00000013)
    __rt_lib_init_lc_monetary_1              0x0800015d   Thumb Code     0  libinit2.o(.ARM.Collect$$libinit$$00000015)
    __rt_lib_init_lc_numeric_2               0x0800015d   Thumb Code     0  libinit2.o(.ARM.Collect$$libinit$$00000016)
    __rt_lib_init_alloca_1                   0x08000167   Thumb Code     0  libinit2.o(.ARM.Collect$$libinit$$0000002E)
    __rt_lib_init_argv_1                     0x08000167   Thumb Code     0  libinit2.o(.ARM.Collect$$libinit$$0000002C)
    __rt_lib_init_atexit_1                   0x08000167   Thumb Code     0  libinit2.o(.ARM.Collect$$libinit$$0000001B)
    __rt_lib_init_clock_1                    0x08000167   Thumb Code     0  libinit2.o(.ARM.Collect$$libinit$$00000021)
    __rt_lib_init_cpp_1                      0x08000167   Thumb Code     0  libinit2.o(.ARM.Collect$$libinit$$00000032)
    __rt_lib_init_exceptions_1               0x08000167   Thumb Code     0  libinit2.o(.ARM.Collect$$libinit$$00000030)
    __rt_lib_init_fp_trap_1                  0x08000167   Thumb Code     0  libinit2.o(.ARM.Collect$$libinit$$0000001F)
    __rt_lib_init_getenv_1                   0x08000167   Thumb Code     0  libinit2.o(.ARM.Collect$$libinit$$00000023)
    __rt_lib_init_lc_numeric_1               0x08000167   Thumb Code     0  libinit2.o(.ARM.Collect$$libinit$$00000017)
    __rt_lib_init_lc_time_1                  0x08000167   Thumb Code     0  libinit2.o(.ARM.Collect$$libinit$$00000019)
    __rt_lib_init_return                     0x08000167   Thumb Code     0  libinit2.o(.ARM.Collect$$libinit$$00000033)
    __rt_lib_init_signal_1                   0x08000167   Thumb Code     0  libinit2.o(.ARM.Collect$$libinit$$0000001D)
    __rt_lib_init_stdio_1                    0x08000167   Thumb Code     0  libinit2.o(.ARM.Collect$$libinit$$00000025)
    __rt_lib_shutdown                        0x08000169   Thumb Code     0  libshutdown.o(.ARM.Collect$$libshutdown$$00000000)
    __rt_lib_shutdown_cpp_1                  0x0800016b   Thumb Code     0  libshutdown2.o(.ARM.Collect$$libshutdown$$00000002)
    __rt_lib_shutdown_fp_trap_1              0x0800016b   Thumb Code     0  libshutdown2.o(.ARM.Collect$$libshutdown$$00000007)
    __rt_lib_shutdown_heap_1                 0x0800016b   Thumb Code     0  libshutdown2.o(.ARM.Collect$$libshutdown$$0000000F)
    __rt_lib_shutdown_return                 0x0800016b   Thumb Code     0  libshutdown2.o(.ARM.Collect$$libshutdown$$00000010)
    __rt_lib_shutdown_signal_1               0x0800016b   Thumb Code     0  libshutdown2.o(.ARM.Collect$$libshutdown$$0000000A)
    __rt_lib_shutdown_stdio_1                0x0800016b   Thumb Code     0  libshutdown2.o(.ARM.Collect$$libshutdown$$00000004)
    __rt_lib_shutdown_user_alloc_1           0x0800016b   Thumb Code     0  libshutdown2.o(.ARM.Collect$$libshutdown$$0000000C)
    __rt_entry                               0x0800016d   Thumb Code     0  __rtentry.o(.ARM.Collect$$rtentry$$00000000)
    __rt_entry_presh_1                       0x0800016d   Thumb Code     0  __rtentry2.o(.ARM.Collect$$rtentry$$00000002)
    __rt_entry_sh                            0x0800016d   Thumb Code     0  __rtentry4.o(.ARM.Collect$$rtentry$$00000004)
    __rt_entry_li                            0x08000173   Thumb Code     0  __rtentry2.o(.ARM.Collect$$rtentry$$0000000A)
    __rt_entry_postsh_1                      0x08000173   Thumb Code     0  __rtentry2.o(.ARM.Collect$$rtentry$$00000009)
    __rt_entry_main                          0x08000177   Thumb Code     0  __rtentry2.o(.ARM.Collect$$rtentry$$0000000D)
    __rt_entry_postli_1                      0x08000177   Thumb Code     0  __rtentry2.o(.ARM.Collect$$rtentry$$0000000C)
    __rt_exit                                0x0800017f   Thumb Code     0  rtexit.o(.ARM.Collect$$rtexit$$00000000)
    __rt_exit_ls                             0x08000181   Thumb Code     0  rtexit2.o(.ARM.Collect$$rtexit$$00000003)
    __rt_exit_prels_1                        0x08000181   Thumb Code     0  rtexit2.o(.ARM.Collect$$rtexit$$00000002)
    __rt_exit_exit                           0x08000185   Thumb Code     0  rtexit2.o(.ARM.Collect$$rtexit$$00000004)
    Reset_Handler                            0x0800018d   Thumb Code     8  startup_stm32f10x_md.o(.text)
    NMI_Handler                              0x08000195   Thumb Code     2  startup_stm32f10x_md.o(.text)
    HardFault_Handler                        0x08000197   Thumb Code     2  startup_stm32f10x_md.o(.text)
    MemManage_Handler                        0x08000199   Thumb Code     2  startup_stm32f10x_md.o(.text)
    BusFault_Handler                         0x0800019b   Thumb Code     2  startup_stm32f10x_md.o(.text)
    UsageFault_Handler                       0x0800019d   Thumb Code     2  startup_stm32f10x_md.o(.text)
    SVC_Handler                              0x0800019f   Thumb Code     2  startup_stm32f10x_md.o(.text)
    DebugMon_Handler                         0x080001a1   Thumb Code     2  startup_stm32f10x_md.o(.text)
    PendSV_Handler                           0x080001a3   Thumb Code     2  startup_stm32f10x_md.o(.text)
    SysTick_Handler                          0x080001a5   Thumb Code     2  startup_stm32f10x_md.o(.text)
    ADC1_2_IRQHandler                        0x080001a7   Thumb Code     0  startup_stm32f10x_md.o(.text)
    CAN1_RX1_IRQHandler                      0x080001a7   Thumb Code     0  startup_stm32f10x_md.o(.text)
    CAN1_SCE_IRQHandler                      0x080001a7   Thumb Code     0  startup_stm32f10x_md.o(.text)
    DMA1_Channel1_IRQHandler                 0x080001a7   Thumb Code     0  startup_stm32f10x_md.o(.text)
    DMA1_Channel2_IRQHandler                 0x080001a7   Thumb Code     0  startup_stm32f10x_md.o(.text)
    DMA1_Channel3_IRQHandler                 0x080001a7   Thumb Code     0  startup_stm32f10x_md.o(.text)
    DMA1_Channel4_IRQHandler                 0x080001a7   Thumb Code     0  startup_stm32f10x_md.o(.text)
    DMA1_Channel5_IRQHandler                 0x080001a7   Thumb Code     0  startup_stm32f10x_md.o(.text)
    DMA1_Channel6_IRQHandler                 0x080001a7   Thumb Code     0  startup_stm32f10x_md.o(.text)
    DMA1_Channel7_IRQHandler                 0x080001a7   Thumb Code     0  startup_stm32f10x_md.o(.text)
    EXTI0_IRQHandler                         0x080001a7   Thumb Code     0  startup_stm32f10x_md.o(.text)
    EXTI15_10_IRQHandler                     0x080001a7   Thumb Code     0  startup_stm32f10x_md.o(.text)
    EXTI1_IRQHandler                         0x080001a7   Thumb Code     0  startup_stm32f10x_md.o(.text)
    EXTI2_IRQHandler                         0x080001a7   Thumb Code     0  startup_stm32f10x_md.o(.text)
    EXTI3_IRQHandler                         0x080001a7   Thumb Code     0  startup_stm32f10x_md.o(.text)
    EXTI4_IRQHandler                         0x080001a7   Thumb Code     0  startup_stm32f10x_md.o(.text)
    EXTI9_5_IRQHandler                       0x080001a7   Thumb Code     0  startup_stm32f10x_md.o(.text)
    FLASH_IRQHandler                         0x080001a7   Thumb Code     0  startup_stm32f10x_md.o(.text)
    I2C1_ER_IRQHandler                       0x080001a7   Thumb Code     0  startup_stm32f10x_md.o(.text)
    I2C1_EV_IRQHandler                       0x080001a7   Thumb Code     0  startup_stm32f10x_md.o(.text)
    I2C2_ER_IRQHandler                       0x080001a7   Thumb Code     0  startup_stm32f10x_md.o(.text)
    I2C2_EV_IRQHandler                       0x080001a7   Thumb Code     0  startup_stm32f10x_md.o(.text)
    PVD_IRQHandler                           0x080001a7   Thumb Code     0  startup_stm32f10x_md.o(.text)
    RCC_IRQHandler                           0x080001a7   Thumb Code     0  startup_stm32f10x_md.o(.text)
    RTCAlarm_IRQHandler                      0x080001a7   Thumb Code     0  startup_stm32f10x_md.o(.text)
    RTC_IRQHandler                           0x080001a7   Thumb Code     0  startup_stm32f10x_md.o(.text)
    SPI1_IRQHandler                          0x080001a7   Thumb Code     0  startup_stm32f10x_md.o(.text)
    SPI2_IRQHandler                          0x080001a7   Thumb Code     0  startup_stm32f10x_md.o(.text)
    TAMPER_IRQHandler                        0x080001a7   Thumb Code     0  startup_stm32f10x_md.o(.text)
    TIM1_BRK_IRQHandler                      0x080001a7   Thumb Code     0  startup_stm32f10x_md.o(.text)
    TIM1_CC_IRQHandler                       0x080001a7   Thumb Code     0  startup_stm32f10x_md.o(.text)
    TIM1_TRG_COM_IRQHandler                  0x080001a7   Thumb Code     0  startup_stm32f10x_md.o(.text)
    TIM1_UP_IRQHandler                       0x080001a7   Thumb Code     0  startup_stm32f10x_md.o(.text)
    TIM2_IRQHandler                          0x080001a7   Thumb Code     0  startup_stm32f10x_md.o(.text)
    TIM3_IRQHandler                          0x080001a7   Thumb Code     0  startup_stm32f10x_md.o(.text)
    TIM4_IRQHandler                          0x080001a7   Thumb Code     0  startup_stm32f10x_md.o(.text)
    USART1_IRQHandler                        0x080001a7   Thumb Code     0  startup_stm32f10x_md.o(.text)
    USART2_IRQHandler                        0x080001a7   Thumb Code     0  startup_stm32f10x_md.o(.text)
    USART3_IRQHandler                        0x080001a7   Thumb Code     0  startup_stm32f10x_md.o(.text)
    USBWakeUp_IRQHandler                     0x080001a7   Thumb Code     0  startup_stm32f10x_md.o(.text)
    USB_HP_CAN1_TX_IRQHandler                0x080001a7   Thumb Code     0  startup_stm32f10x_md.o(.text)
    USB_LP_CAN1_RX0_IRQHandler               0x080001a7   Thumb Code     0  startup_stm32f10x_md.o(.text)
    WWDG_IRQHandler                          0x080001a7   Thumb Code     0  startup_stm32f10x_md.o(.text)
    __user_initial_stackheap                 0x080001a9   Thumb Code     0  startup_stm32f10x_md.o(.text)
    __2sprintf                               0x080001cd   Thumb Code    34  noretval__2sprintf.o(.text)
    _printf_int_dec                          0x080001f5   Thumb Code   104  _printf_dec.o(.text)
    __printf                                 0x0800026d   Thumb Code   270  __printf_wp.o(.text)
    __use_two_region_memory                  0x0800037b   Thumb Code     2  heapauxi.o(.text)
    __rt_heap_escrow$2region                 0x0800037d   Thumb Code     2  heapauxi.o(.text)
    __rt_heap_expand$2region                 0x0800037f   Thumb Code     2  heapauxi.o(.text)
    _printf_int_common                       0x08000381   Thumb Code   178  _printf_intcommon.o(.text)
    __lib_sel_fp_printf                      0x08000433   Thumb Code     2  _printf_fp_dec.o(.text)
    _printf_fp_dec_real                      0x080005e5   Thumb Code   620  _printf_fp_dec.o(.text)
    _printf_char_common                      0x0800085b   Thumb Code    32  _printf_char_common.o(.text)
    _sputc                                   0x08000881   Thumb Code    10  _sputc.o(.text)
    __rt_locale                              0x0800088d   Thumb Code     8  rt_locale_intlibspace.o(.text)
    _ll_udiv10                               0x08000895   Thumb Code   138  lludiv10.o(.text)
    _printf_fp_infnan                        0x08000921   Thumb Code   112  _printf_fp_infnan.o(.text)
    _btod_etento                             0x080009a1   Thumb Code   224  bigflt0.o(.text)
    __user_libspace                          0x08000a85   Thumb Code     8  libspace.o(.text)
    __user_perproc_libspace                  0x08000a85   Thumb Code     0  libspace.o(.text)
    __user_perthread_libspace                0x08000a85   Thumb Code     0  libspace.o(.text)
    __user_setup_stackheap                   0x08000a8d   Thumb Code    74  sys_stackheap_outer.o(.text)
    exit                                     0x08000ad7   Thumb Code    18  exit.o(.text)
    strcmp                                   0x08000ae9   Thumb Code   128  strcmpv7m.o(.text)
    _sys_exit                                0x08000b69   Thumb Code     8  sys_exit.o(.text)
    __I$use$semihosting                      0x08000b75   Thumb Code     0  use_no_semi.o(.text)
    __use_no_semihosting_swi                 0x08000b75   Thumb Code     2  use_no_semi.o(.text)
    __semihosting_library_function           0x08000b77   Thumb Code     0  indicate_semi.o(.text)
    _btod_d2e                                0x08000b77   Thumb Code    62  btod.o(CL$$btod_d2e)
    _d2e_denorm_low                          0x08000bb5   Thumb Code    70  btod.o(CL$$btod_d2e_denorm_low)
    _d2e_norm_op1                            0x08000bfb   Thumb Code    96  btod.o(CL$$btod_d2e_norm_op1)
    __btod_div_common                        0x08000c5b   Thumb Code   696  btod.o(CL$$btod_div_common)
    _e2e                                     0x08000f93   Thumb Code   220  btod.o(CL$$btod_e2e)
    _btod_ediv                               0x0800106f   Thumb Code    42  btod.o(CL$$btod_ediv)
    _btod_emul                               0x08001099   Thumb Code    42  btod.o(CL$$btod_emul)
    __btod_mult_common                       0x080010c3   Thumb Code   580  btod.o(CL$$btod_mult_common)
    DS2438_EnableCA                          0x08001307   Thumb Code    38  ds2438.o(i.DS2438_EnableCA)
    DS2438_EnableIAD                         0x0800132d   Thumb Code    38  ds2438.o(i.DS2438_EnableIAD)
    DS2438_GetCapacity_mAh                   0x08001355   Thumb Code    56  ds2438.o(i.DS2438_GetCapacity_mAh)
    DS2438_GetCurrentData                    0x08001391   Thumb Code    82  ds2438.o(i.DS2438_GetCurrentData)
    DS2438_GetICA                            0x080013e9   Thumb Code    28  ds2438.o(i.DS2438_GetICA)
    DS2438_GetTemperatureData                0x08001405   Thumb Code   134  ds2438.o(i.DS2438_GetTemperatureData)
    DS2438_GetVoltageData                    0x08001491   Thumb Code    64  ds2438.o(i.DS2438_GetVoltageData)
    DS2438_HasTemperatureData                0x080014d5   Thumb Code    26  ds2438.o(i.DS2438_HasTemperatureData)
    DS2438_HasVoltageData                    0x080014ef   Thumb Code    26  ds2438.o(i.DS2438_HasVoltageData)
    DS2438_IsDevicePresent                   0x08001509   Thumb Code    16  ds2438.o(i.DS2438_IsDevicePresent)
    DS2438_ReadPage                          0x08001519   Thumb Code    88  ds2438.o(i.DS2438_ReadPage)
    DS2438_ReadTemperature                   0x08001571   Thumb Code    32  ds2438.o(i.DS2438_ReadTemperature)
    DS2438_ReadVoltage                       0x08001591   Thumb Code    32  ds2438.o(i.DS2438_ReadVoltage)
    DS2438_SelectInputSource                 0x080015b1   Thumb Code    62  ds2438.o(i.DS2438_SelectInputSource)
    DS2438_StartTemperatureConversion        0x080015ef   Thumb Code    28  ds2438.o(i.DS2438_StartTemperatureConversion)
    DS2438_StartVoltageConversion            0x0800160b   Thumb Code    28  ds2438.o(i.DS2438_StartVoltageConversion)
    DS2438_WritePage                         0x08001627   Thumb Code    88  ds2438.o(i.DS2438_WritePage)
    OneWire_ReadBit                          0x08001681   Thumb Code    44  ds2438.o(i.OneWire_ReadBit)
    OneWire_ReadByte                         0x080016b5   Thumb Code    30  ds2438.o(i.OneWire_ReadByte)
    OneWire_WriteBit                         0x080016d5   Thumb Code    60  ds2438.o(i.OneWire_WriteBit)
    OneWire_WriteByte                        0x08001719   Thumb Code    26  ds2438.o(i.OneWire_WriteByte)
    SystemInit                               0x0800181d   Thumb Code    78  system_stm32f10x.o(i.SystemInit)
    __ARM_fpclassify                         0x0800187d   Thumb Code    40  fpclassify.o(i.__ARM_fpclassify)
    _is_digit                                0x080018a5   Thumb Code    14  __printf_wp.o(i._is_digit)
    init_OnewirePort                         0x080018b5   Thumb Code    28  ds2438.o(i.init_OnewirePort)
    main                                     0x080018d9   Thumb Code   280  ds2438.o(i.main)
    reset_Onewire                            0x08001ab9   Thumb Code    44  ds2438.o(i.reset_Onewire)
    uart1_init                               0x08001aed   Thumb Code   134  ds2438.o(i.uart1_init)
    uart_put_char                            0x08001b81   Thumb Code    22  ds2438.o(i.uart_put_char)
    uart_put_page_content                    0x08001b9d   Thumb Code    58  ds2438.o(i.uart_put_page_content)
    uart_put_string                          0x08001c15   Thumb Code    22  ds2438.o(i.uart_put_string)
    uart_put_string_newline                  0x08001c2b   Thumb Code    34  ds2438.o(i.uart_put_string_newline)
    wait_10us                                0x08001c4d   Thumb Code    18  ds2438.o(i.wait_10us)
    wait_us                                  0x08001c5f   Thumb Code    14  ds2438.o(i.wait_us)
    _get_lc_numeric                          0x08001c6d   Thumb Code    44  lc_numeric_c.o(locale$$code)
    __aeabi_d2f                              0x08001c99   Thumb Code     0  d2f.o(x$fpl$d2f)
    _d2f                                     0x08001c99   Thumb Code    98  d2f.o(x$fpl$d2f)
    __aeabi_dadd                             0x08001cfd   Thumb Code     0  daddsub_clz.o(x$fpl$dadd)
    _dadd                                    0x08001cfd   Thumb Code   332  daddsub_clz.o(x$fpl$dadd)
    __aeabi_ddiv                             0x08001e4d   Thumb Code     0  ddiv.o(x$fpl$ddiv)
    _ddiv                                    0x08001e4d   Thumb Code   552  ddiv.o(x$fpl$ddiv)
    __aeabi_i2d                              0x080020fd   Thumb Code     0  dflt_clz.o(x$fpl$dflt)
    _dflt                                    0x080020fd   Thumb Code    46  dflt_clz.o(x$fpl$dflt)
    __aeabi_ui2d                             0x0800212b   Thumb Code     0  dflt_clz.o(x$fpl$dfltu)
    _dfltu                                   0x0800212b   Thumb Code    38  dflt_clz.o(x$fpl$dfltu)
    __aeabi_dmul                             0x08002151   Thumb Code     0  dmul.o(x$fpl$dmul)
    _dmul                                    0x08002151   Thumb Code   332  dmul.o(x$fpl$dmul)
    __fpl_dnaninf                            0x080022a5   Thumb Code   156  dnaninf.o(x$fpl$dnaninf)
    __fpl_dretinf                            0x08002341   Thumb Code    12  dretinf.o(x$fpl$dretinf)
    __aeabi_dsub                             0x0800234d   Thumb Code     0  daddsub_clz.o(x$fpl$dsub)
    _dsub                                    0x0800234d   Thumb Code   464  daddsub_clz.o(x$fpl$dsub)
    __aeabi_f2d                              0x08002521   Thumb Code     0  f2d.o(x$fpl$f2d)
    _f2d                                     0x08002521   Thumb Code    86  f2d.o(x$fpl$f2d)
    __aeabi_ui2f                             0x08002579   Thumb Code     0  fflt_clz.o(x$fpl$ffltu)
    _ffltu                                   0x08002579   Thumb Code    38  fflt_clz.o(x$fpl$ffltu)
    __aeabi_fmul                             0x080025a1   Thumb Code     0  fmul.o(x$fpl$fmul)
    _fmul                                    0x080025a1   Thumb Code   258  fmul.o(x$fpl$fmul)
    __fpl_fnaninf                            0x080026a3   Thumb Code   140  fnaninf.o(x$fpl$fnaninf)
    __fpl_fretinf                            0x0800272f   Thumb Code    10  fretinf.o(x$fpl$fretinf)
    _printf_fp_dec                           0x08002739   Thumb Code     4  printf1.o(x$fpl$printf1)
    __I$use$fp                               0x0800273c   Number         0  usenofp.o(x$fpl$usenofp)
    Region$$Table$$Base                      0x080027d0   Number         0  anon$$obj.o(Region$$Table)
    Region$$Table$$Limit                     0x080027e0   Number         0  anon$$obj.o(Region$$Table)
    __libspace_start                         0x20000000   Data          96  libspace.o(.bss)
    __temporary_stack_top$libspace           0x20000060   Data           0  libspace.o(.bss)



==============================================================================

Memory Map of the image

  Image Entry point : 0x0800018d

  Load Region LR_1 (Base: 0x08000000, Size: 0x000027fc, Max: 0xffffffff, ABSOLUTE)

    Execution Region ER_RO (Exec base: 0x08000000, Load base: 0x08000000, Size: 0x000027fc, Max: 0xffffffff, ABSOLUTE)

    Exec Addr    Load Addr    Size         Type   Attr      Idx    E Section Name        Object

    0x08000000   0x08000000   0x000000ec   Data   RO          252    RESET               startup_stm32f10x_md.o
    0x080000ec   0x080000ec   0x00000008   Code   RO          338  * !!!main             c_w.l(__main.o)
    0x080000f4   0x080000f4   0x00000034   Code   RO          590    !!!scatter          c_w.l(__scatter.o)
    0x08000128   0x08000128   0x0000001c   Code   RO          592    !!handler_zi        c_w.l(__scatter_zi.o)
    0x08000144   0x08000144   0x00000000   Code   RO          335    .ARM.Collect$$_printf_percent$$00000000  c_w.l(_printf_percent.o)
    0x08000144   0x08000144   0x00000006   Code   RO          334    .ARM.Collect$$_printf_percent$$00000003  c_w.l(_printf_f.o)
    0x0800014a   0x0800014a   0x00000006   Code   RO          333    .ARM.Collect$$_printf_percent$$00000009  c_w.l(_printf_d.o)
    0x08000150   0x08000150   0x00000004   Code   RO          381    .ARM.Collect$$_printf_percent$$00000017  c_w.l(_printf_percent_end.o)
    0x08000154   0x08000154   0x00000002   Code   RO          463    .ARM.Collect$$libinit$$00000000  c_w.l(libinit.o)
    0x08000156   0x08000156   0x00000000   Code   RO          465    .ARM.Collect$$libinit$$00000002  c_w.l(libinit2.o)
    0x08000156   0x08000156   0x00000000   Code   RO          467    .ARM.Collect$$libinit$$00000004  c_w.l(libinit2.o)
    0x08000156   0x08000156   0x00000000   Code   RO          470    .ARM.Collect$$libinit$$0000000A  c_w.l(libinit2.o)
    0x08000156   0x08000156   0x00000000   Code   RO          472    .ARM.Collect$$libinit$$0000000C  c_w.l(libinit2.o)
    0x08000156   0x08000156   0x00000000   Code   RO          474    .ARM.Collect$$libinit$$0000000E  c_w.l(libinit2.o)
    0x08000156   0x08000156   0x00000006   Code   RO          475    .ARM.Collect$$libinit$$0000000F  c_w.l(libinit2.o)
    0x0800015c   0x0800015c   0x00000000   Code   RO          477    .ARM.Collect$$libinit$$00000011  c_w.l(libinit2.o)
    0x0800015c   0x0800015c   0x00000000   Code   RO          479    .ARM.Collect$$libinit$$00000013  c_w.l(libinit2.o)
    0x0800015c   0x0800015c   0x00000000   Code   RO          481    .ARM.Collect$$libinit$$00000015  c_w.l(libinit2.o)
    0x0800015c   0x0800015c   0x0000000a   Code   RO          482    .ARM.Collect$$libinit$$00000016  c_w.l(libinit2.o)
    0x08000166   0x08000166   0x00000000   Code   RO          483    .ARM.Collect$$libinit$$00000017  c_w.l(libinit2.o)
    0x08000166   0x08000166   0x00000000   Code   RO          485    .ARM.Collect$$libinit$$00000019  c_w.l(libinit2.o)
    0x08000166   0x08000166   0x00000000   Code   RO          487    .ARM.Collect$$libinit$$0000001B  c_w.l(libinit2.o)
    0x08000166   0x08000166   0x00000000   Code   RO          489    .ARM.Collect$$libinit$$0000001D  c_w.l(libinit2.o)
    0x08000166   0x08000166   0x00000000   Code   RO          491    .ARM.Collect$$libinit$$0000001F  c_w.l(libinit2.o)
    0x08000166   0x08000166   0x00000000   Code   RO          493    .ARM.Collect$$libinit$$00000021  c_w.l(libinit2.o)
    0x08000166   0x08000166   0x00000000   Code   RO          495    .ARM.Collect$$libinit$$00000023  c_w.l(libinit2.o)
    0x08000166   0x08000166   0x00000000   Code   RO          497    .ARM.Collect$$libinit$$00000025  c_w.l(libinit2.o)
    0x08000166   0x08000166   0x00000000   Code   RO          501    .ARM.Collect$$libinit$$0000002C  c_w.l(libinit2.o)
    0x08000166   0x08000166   0x00000000   Code   RO          503    .ARM.Collect$$libinit$$0000002E  c_w.l(libinit2.o)
    0x08000166   0x08000166   0x00000000   Code   RO          505    .ARM.Collect$$libinit$$00000030  c_w.l(libinit2.o)
    0x08000166   0x08000166   0x00000000   Code   RO          507    .ARM.Collect$$libinit$$00000032  c_w.l(libinit2.o)
    0x08000166   0x08000166   0x00000002   Code   RO          508    .ARM.Collect$$libinit$$00000033  c_w.l(libinit2.o)
    0x08000168   0x08000168   0x00000002   Code   RO          538    .ARM.Collect$$libshutdown$$00000000  c_w.l(libshutdown.o)
    0x0800016a   0x0800016a   0x00000000   Code   RO          549    .ARM.Collect$$libshutdown$$00000002  c_w.l(libshutdown2.o)
    0x0800016a   0x0800016a   0x00000000   Code   RO          551    .ARM.Collect$$libshutdown$$00000004  c_w.l(libshutdown2.o)
    0x0800016a   0x0800016a   0x00000000   Code   RO          554    .ARM.Collect$$libshutdown$$00000007  c_w.l(libshutdown2.o)
    0x0800016a   0x0800016a   0x00000000   Code   RO          557    .ARM.Collect$$libshutdown$$0000000A  c_w.l(libshutdown2.o)
    0x0800016a   0x0800016a   0x00000000   Code   RO          559    .ARM.Collect$$libshutdown$$0000000C  c_w.l(libshutdown2.o)
    0x0800016a   0x0800016a   0x00000000   Code   RO          562    .ARM.Collect$$libshutdown$$0000000F  c_w.l(libshutdown2.o)
    0x0800016a   0x0800016a   0x00000002   Code   RO          563    .ARM.Collect$$libshutdown$$00000010  c_w.l(libshutdown2.o)
    0x0800016c   0x0800016c   0x00000000   Code   RO          372    .ARM.Collect$$rtentry$$00000000  c_w.l(__rtentry.o)
    0x0800016c   0x0800016c   0x00000000   Code   RO          392    .ARM.Collect$$rtentry$$00000002  c_w.l(__rtentry2.o)
    0x0800016c   0x0800016c   0x00000006   Code   RO          404    .ARM.Collect$$rtentry$$00000004  c_w.l(__rtentry4.o)
    0x08000172   0x08000172   0x00000000   Code   RO          394    .ARM.Collect$$rtentry$$00000009  c_w.l(__rtentry2.o)
    0x08000172   0x08000172   0x00000004   Code   RO          395    .ARM.Collect$$rtentry$$0000000A  c_w.l(__rtentry2.o)
    0x08000176   0x08000176   0x00000000   Code   RO          397    .ARM.Collect$$rtentry$$0000000C  c_w.l(__rtentry2.o)
    0x08000176   0x08000176   0x00000008   Code   RO          398    .ARM.Collect$$rtentry$$0000000D  c_w.l(__rtentry2.o)
    0x0800017e   0x0800017e   0x00000002   Code   RO          509    .ARM.Collect$$rtexit$$00000000  c_w.l(rtexit.o)
    0x08000180   0x08000180   0x00000000   Code   RO          516    .ARM.Collect$$rtexit$$00000002  c_w.l(rtexit2.o)
    0x08000180   0x08000180   0x00000004   Code   RO          517    .ARM.Collect$$rtexit$$00000003  c_w.l(rtexit2.o)
    0x08000184   0x08000184   0x00000006   Code   RO          518    .ARM.Collect$$rtexit$$00000004  c_w.l(rtexit2.o)
    0x0800018a   0x0800018a   0x00000002   PAD
    0x0800018c   0x0800018c   0x00000040   Code   RO          253  * .text               startup_stm32f10x_md.o
    0x080001cc   0x080001cc   0x00000028   Code   RO          307    .text               c_w.l(noretval__2sprintf.o)
    0x080001f4   0x080001f4   0x00000078   Code   RO          311    .text               c_w.l(_printf_dec.o)
    0x0800026c   0x0800026c   0x0000010e   Code   RO          321    .text               c_w.l(__printf_wp.o)
    0x0800037a   0x0800037a   0x00000006   Code   RO          336    .text               c_w.l(heapauxi.o)
    0x08000380   0x08000380   0x000000b2   Code   RO          373    .text               c_w.l(_printf_intcommon.o)
    0x08000432   0x08000432   0x0000041e   Code   RO          375    .text               c_w.l(_printf_fp_dec.o)
    0x08000850   0x08000850   0x00000030   Code   RO          377    .text               c_w.l(_printf_char_common.o)
    0x08000880   0x08000880   0x0000000a   Code   RO          379    .text               c_w.l(_sputc.o)
    0x0800088a   0x0800088a   0x00000002   PAD
    0x0800088c   0x0800088c   0x00000008   Code   RO          409    .text               c_w.l(rt_locale_intlibspace.o)
    0x08000894   0x08000894   0x0000008a   Code   RO          411    .text               c_w.l(lludiv10.o)
    0x0800091e   0x0800091e   0x00000002   PAD
    0x08000920   0x08000920   0x00000080   Code   RO          413    .text               c_w.l(_printf_fp_infnan.o)
    0x080009a0   0x080009a0   0x000000e4   Code   RO          417    .text               c_w.l(bigflt0.o)
    0x08000a84   0x08000a84   0x00000008   Code   RO          449    .text               c_w.l(libspace.o)
    0x08000a8c   0x08000a8c   0x0000004a   Code   RO          452    .text               c_w.l(sys_stackheap_outer.o)
    0x08000ad6   0x08000ad6   0x00000012   Code   RO          454    .text               c_w.l(exit.o)
    0x08000ae8   0x08000ae8   0x00000080   Code   RO          456    .text               c_w.l(strcmpv7m.o)
    0x08000b68   0x08000b68   0x0000000c   Code   RO          528    .text               c_w.l(sys_exit.o)
    0x08000b74   0x08000b74   0x00000002   Code   RO          539    .text               c_w.l(use_no_semi.o)
    0x08000b76   0x08000b76   0x00000000   Code   RO          541    .text               c_w.l(indicate_semi.o)
    0x08000b76   0x08000b76   0x0000003e   Code   RO          420    CL$$btod_d2e        c_w.l(btod.o)
    0x08000bb4   0x08000bb4   0x00000046   Code   RO          422    CL$$btod_d2e_denorm_low  c_w.l(btod.o)
    0x08000bfa   0x08000bfa   0x00000060   Code   RO          421    CL$$btod_d2e_norm_op1  c_w.l(btod.o)
    0x08000c5a   0x08000c5a   0x00000338   Code   RO          430    CL$$btod_div_common  c_w.l(btod.o)
    0x08000f92   0x08000f92   0x000000dc   Code   RO          427    CL$$btod_e2e        c_w.l(btod.o)
    0x0800106e   0x0800106e   0x0000002a   Code   RO          424    CL$$btod_ediv       c_w.l(btod.o)
    0x08001098   0x08001098   0x0000002a   Code   RO          423    CL$$btod_emul       c_w.l(btod.o)
    0x080010c2   0x080010c2   0x00000244   Code   RO          429    CL$$btod_mult_common  c_w.l(btod.o)
    0x08001306   0x08001306   0x00000026   Code   RO            6    i.DS2438_EnableCA   ds2438.o
    0x0800132c   0x0800132c   0x00000026   Code   RO            7    i.DS2438_EnableIAD  ds2438.o
    0x08001352   0x08001352   0x00000002   PAD
    0x08001354   0x08001354   0x0000003c   Code   RO            8    i.DS2438_GetCapacity_mAh  ds2438.o
    0x08001390   0x08001390   0x00000058   Code   RO            9    i.DS2438_GetCurrentData  ds2438.o
    0x080013e8   0x080013e8   0x0000001c   Code   RO           10    i.DS2438_GetICA     ds2438.o
    0x08001404   0x08001404   0x0000008c   Code   RO           11    i.DS2438_GetTemperatureData  ds2438.o
    0x08001490   0x08001490   0x00000044   Code   RO           12    i.DS2438_GetVoltageData  ds2438.o
    0x080014d4   0x080014d4   0x0000001a   Code   RO           13    i.DS2438_HasTemperatureData  ds2438.o
    0x080014ee   0x080014ee   0x0000001a   Code   RO           14    i.DS2438_HasVoltageData  ds2438.o
    0x08001508   0x08001508   0x00000010   Code   RO           15    i.DS2438_IsDevicePresent  ds2438.o
    0x08001518   0x08001518   0x00000058   Code   RO           16    i.DS2438_ReadPage   ds2438.o
    0x08001570   0x08001570   0x00000020   Code   RO           17    i.DS2438_ReadTemperature  ds2438.o
    0x08001590   0x08001590   0x00000020   Code   RO           18    i.DS2438_ReadVoltage  ds2438.o
    0x080015b0   0x080015b0   0x0000003e   Code   RO           19    i.DS2438_SelectInputSource  ds2438.o
    0x080015ee   0x080015ee   0x0000001c   Code   RO           20    i.DS2438_StartTemperatureConversion  ds2438.o
    0x0800160a   0x0800160a   0x0000001c   Code   RO           21    i.DS2438_StartVoltageConversion  ds2438.o
    0x08001626   0x08001626   0x00000058   Code   RO           22    i.DS2438_WritePage  ds2438.o
    0x0800167e   0x0800167e   0x00000002   PAD
    0x08001680   0x08001680   0x00000034   Code   RO           23    i.OneWire_ReadBit   ds2438.o
    0x080016b4   0x080016b4   0x0000001e   Code   RO           24    i.OneWire_ReadByte  ds2438.o
    0x080016d2   0x080016d2   0x00000002   PAD
    0x080016d4   0x080016d4   0x00000044   Code   RO           25    i.OneWire_WriteBit  ds2438.o
    0x08001718   0x08001718   0x0000001a   Code   RO           26    i.OneWire_WriteByte  ds2438.o
    0x08001732   0x08001732   0x00000008   Code   RO          260    i.SetSysClock       system_stm32f10x.o
    0x0800173a   0x0800173a   0x00000002   PAD
    0x0800173c   0x0800173c   0x000000e0   Code   RO          261    i.SetSysClockTo72   system_stm32f10x.o
    0x0800181c   0x0800181c   0x00000060   Code   RO          263    i.SystemInit        system_stm32f10x.o
    0x0800187c   0x0800187c   0x00000028   Code   RO          447    i.__ARM_fpclassify  m_ws.l(fpclassify.o)
    0x080018a4   0x080018a4   0x0000000e   Code   RO          323    i._is_digit         c_w.l(__printf_wp.o)
    0x080018b2   0x080018b2   0x00000002   PAD
    0x080018b4   0x080018b4   0x00000024   Code   RO           27    i.init_OnewirePort  ds2438.o
    0x080018d8   0x080018d8   0x000001e0   Code   RO           28    i.main              ds2438.o
    0x08001ab8   0x08001ab8   0x00000034   Code   RO           29    i.reset_Onewire     ds2438.o
    0x08001aec   0x08001aec   0x00000094   Code   RO           30    i.uart1_init        ds2438.o
    0x08001b80   0x08001b80   0x0000001c   Code   RO           31    i.uart_put_char     ds2438.o
    0x08001b9c   0x08001b9c   0x00000078   Code   RO           32    i.uart_put_page_content  ds2438.o
    0x08001c14   0x08001c14   0x00000016   Code   RO           33    i.uart_put_string   ds2438.o
    0x08001c2a   0x08001c2a   0x00000022   Code   RO           34    i.uart_put_string_newline  ds2438.o
    0x08001c4c   0x08001c4c   0x00000012   Code   RO           35    i.wait_10us         ds2438.o
    0x08001c5e   0x08001c5e   0x0000000e   Code   RO           36    i.wait_us           ds2438.o
    0x08001c6c   0x08001c6c   0x0000002c   Code   RO          443    locale$$code        c_w.l(lc_numeric_c.o)
    0x08001c98   0x08001c98   0x00000062   Code   RO          340    x$fpl$d2f           fz_ws.l(d2f.o)
    0x08001cfa   0x08001cfa   0x00000002   PAD
    0x08001cfc   0x08001cfc   0x00000150   Code   RO          342    x$fpl$dadd          fz_ws.l(daddsub_clz.o)
    0x08001e4c   0x08001e4c   0x000002b0   Code   RO          349    x$fpl$ddiv          fz_ws.l(ddiv.o)
    0x080020fc   0x080020fc   0x0000002e   Code   RO          353    x$fpl$dflt          fz_ws.l(dflt_clz.o)
    0x0800212a   0x0800212a   0x00000026   Code   RO          352    x$fpl$dfltu         fz_ws.l(dflt_clz.o)
    0x08002150   0x08002150   0x00000154   Code   RO          358    x$fpl$dmul          fz_ws.l(dmul.o)
    0x080022a4   0x080022a4   0x0000009c   Code   RO          382    x$fpl$dnaninf       fz_ws.l(dnaninf.o)
    0x08002340   0x08002340   0x0000000c   Code   RO          384    x$fpl$dretinf       fz_ws.l(dretinf.o)
    0x0800234c   0x0800234c   0x000001d4   Code   RO          344    x$fpl$dsub          fz_ws.l(daddsub_clz.o)
    0x08002520   0x08002520   0x00000056   Code   RO          360    x$fpl$f2d           fz_ws.l(f2d.o)
    0x08002576   0x08002576   0x00000002   PAD
    0x08002578   0x08002578   0x00000026   Code   RO          362    x$fpl$ffltu         fz_ws.l(fflt_clz.o)
    0x0800259e   0x0800259e   0x00000002   PAD
    0x080025a0   0x080025a0   0x00000102   Code   RO          368    x$fpl$fmul          fz_ws.l(fmul.o)
    0x080026a2   0x080026a2   0x0000008c   Code   RO          386    x$fpl$fnaninf       fz_ws.l(fnaninf.o)
    0x0800272e   0x0800272e   0x0000000a   Code   RO          388    x$fpl$fretinf       fz_ws.l(fretinf.o)
    0x08002738   0x08002738   0x00000004   Code   RO          370    x$fpl$printf1       fz_ws.l(printf1.o)
    0x0800273c   0x0800273c   0x00000000   Code   RO          390    x$fpl$usenofp       fz_ws.l(usenofp.o)
    0x0800273c   0x0800273c   0x00000094   Data   RO          418    .constdata          c_w.l(bigflt0.o)
    0x080027d0   0x080027d0   0x00000010   Data   RO          588    Region$$Table       anon$$obj.o
    0x080027e0   0x080027e0   0x0000001c   Data   RO          442    locale$$data        c_w.l(lc_numeric_c.o)


    Execution Region ER_RW (Exec base: 0x20000000, Load base: 0x080027fc, Size: 0x00000000, Max: 0xffffffff, ABSOLUTE)

    **** No section assigned to this execution region ****


    Execution Region ER_ZI (Exec base: 0x20000000, Load base: 0x080027fc, Size: 0x00000660, Max: 0xffffffff, ABSOLUTE)

    Exec Addr    Load Addr    Size         Type   Attr      Idx    E Section Name        Object

    0x20000000        -       0x00000060   Zero   RW          450    .bss                c_w.l(libspace.o)
    0x20000060        -       0x00000200   Zero   RW          251    HEAP                startup_stm32f10x_md.o
    0x20000260        -       0x00000400   Zero   RW          250    STACK               startup_stm32f10x_md.o


==============================================================================

Image component sizes


      Code (inc. data)   RO Data    RW Data    ZI Data      Debug   Object Name

      2014        334          0          0          0      22010   ds2438.o
        64         26        236          0       1536        800   startup_stm32f10x_md.o
       328         28          0          0          0       1905   system_stm32f10x.o

    ----------------------------------------------------------------------
      2414        388        252          0       1536      24715   Object Totals
         0          0         16          0          0          0   (incl. Generated)
         8          0          0          0          0          0   (incl. Padding)

    ----------------------------------------------------------------------

      Code (inc. data)   RO Data    RW Data    ZI Data      Debug   Library Member Name

         8          0          0          0          0         68   __main.o
       284          0          0          0          0        156   __printf_wp.o
         0          0          0          0          0          0   __rtentry.o
        12          0          0          0          0          0   __rtentry2.o
         6          0          0          0          0          0   __rtentry4.o
        52          8          0          0          0          0   __scatter.o
        28          0          0          0          0          0   __scatter_zi.o
        48          6          0          0          0         96   _printf_char_common.o
         6          0          0          0          0          0   _printf_d.o
       120         16          0          0          0         92   _printf_dec.o
         6          0          0          0          0          0   _printf_f.o
      1054          0          0          0          0        216   _printf_fp_dec.o
       128         16          0          0          0         84   _printf_fp_infnan.o
       178          0          0          0          0         88   _printf_intcommon.o
         0          0          0          0          0          0   _printf_percent.o
         4          0          0          0          0          0   _printf_percent_end.o
        10          0          0          0          0         68   _sputc.o
       228          4        148          0          0         96   bigflt0.o
      1936        128          0          0          0        672   btod.o
        18          0          0          0          0         80   exit.o
         6          0          0          0          0        152   heapauxi.o
         0          0          0          0          0          0   indicate_semi.o
        44         10         28          0          0         76   lc_numeric_c.o
         2          0          0          0          0          0   libinit.o
        18          0          0          0          0          0   libinit2.o
         2          0          0          0          0          0   libshutdown.o
         2          0          0          0          0          0   libshutdown2.o
         8          4          0          0         96         68   libspace.o
       138          0          0          0          0         80   lludiv10.o
        40          6          0          0          0         84   noretval__2sprintf.o
         8          4          0          0          0         68   rt_locale_intlibspace.o
         2          0          0          0          0          0   rtexit.o
        10          0          0          0          0          0   rtexit2.o
       128          0          0          0          0         68   strcmpv7m.o
        12          4          0          0          0         68   sys_exit.o
        74          0          0          0          0         80   sys_stackheap_outer.o
         2          0          0          0          0         68   use_no_semi.o
        98          4          0          0          0         92   d2f.o
       804         16          0          0          0        272   daddsub_clz.o
       688        140          0          0          0        208   ddiv.o
        84          0          0          0          0        136   dflt_clz.o
       340         12          0          0          0        104   dmul.o
       156          4          0          0          0         92   dnaninf.o
        12          0          0          0          0         68   dretinf.o
        86          4          0          0          0         84   f2d.o
        38          0          0          0          0         68   fflt_clz.o
       258          4          0          0          0         84   fmul.o
       140          4          0          0          0         84   fnaninf.o
        10          0          0          0          0         68   fretinf.o
         4          0          0          0          0         68   printf1.o
         0          0          0          0          0          0   usenofp.o
        40          0          0          0          0         68   fpclassify.o

    ----------------------------------------------------------------------
      7394        394        176          0         96       4024   Library Totals
        14          0          0          0          0          0   (incl. Padding)

    ----------------------------------------------------------------------

      Code (inc. data)   RO Data    RW Data    ZI Data      Debug   Library Name

      4622        206        176          0         96       2528   c_w.l
      2718        188          0          0          0       1428   fz_ws.l
        40          0          0          0          0         68   m_ws.l

    ----------------------------------------------------------------------
      7394        394        176          0         96       4024   Library Totals

    ----------------------------------------------------------------------

==============================================================================


      Code (inc. data)   RO Data    RW Data    ZI Data      Debug   

      9808        782        428          0       1632      24871   Grand Totals
      9808        782        428          0       1632      24871   ELF Image Totals
      9808        782        428          0          0          0   ROM Totals

==============================================================================

    Total RO  Size (Code + RO Data)                10236 (  10.00kB)
    Total RW  Size (RW Data + ZI Data)              1632 (   1.59kB)
    Total ROM Size (Code + RO Data + RW Data)      10236 (  10.00kB)

==============================================================================

